Archive member included to satisfy reference by file (symbol)

/usr/lib/libc_nonshared.a(atexit.oS)
                              sim_hostuart.o (atexit)

Merging object attributes


Merging program properties

Removed property 0xc0000002 to merge /usr/lib/gcc/x86_64-pc-linux-gnu/15.2.1/../../../../lib/Scrt1.o (0x3) and nuttx.rel (not found)
Updated property 0xc0010001 (0x9) to merge /usr/lib/gcc/x86_64-pc-linux-gnu/15.2.1/../../../../lib/Scrt1.o (0x1) and nuttx.rel (0x9)
Updated property 0xc0010001 (0x9) to merge /usr/lib/gcc/x86_64-pc-linux-gnu/15.2.1/../../../../lib/Scrt1.o (0x9) and sim_hostirq.o (0x1)
Updated property 0xc0010001 (0x9) to merge /usr/lib/gcc/x86_64-pc-linux-gnu/15.2.1/../../../../lib/Scrt1.o (0x9) and sim_hostmemory.o (0x1)
Updated property 0xc0010001 (0x9) to merge /usr/lib/gcc/x86_64-pc-linux-gnu/15.2.1/../../../../lib/Scrt1.o (0x9) and sim_hostuart.o (0x1)
Updated property 0xc0010001 (0x9) to merge /usr/lib/gcc/x86_64-pc-linux-gnu/15.2.1/../../../../lib/Scrt1.o (0x9) and /usr/lib/libc_nonshared.a(atexit.oS) (0x1)
Removed property 0xc0000002 to merge /usr/lib/gcc/x86_64-pc-linux-gnu/15.2.1/../../../../lib/Scrt1.o (not found) and /usr/lib/libc_nonshared.a(atexit.oS) (0x3)
Updated property 0xc0010001 (0x9) to merge /usr/lib/gcc/x86_64-pc-linux-gnu/15.2.1/../../../../lib/Scrt1.o (0x9) and /usr/lib/gcc/x86_64-pc-linux-gnu/15.2.1/crtendS.o (0x1)
Updated property 0xc0010002 (0x1) to merge /usr/lib/gcc/x86_64-pc-linux-gnu/15.2.1/../../../../lib/Scrt1.o (0x1) and /usr/lib/gcc/x86_64-pc-linux-gnu/15.2.1/crtendS.o (0x0)
Removed property 0xc0000002 to merge /usr/lib/gcc/x86_64-pc-linux-gnu/15.2.1/../../../../lib/Scrt1.o (not found) and /usr/lib/gcc/x86_64-pc-linux-gnu/15.2.1/crtendS.o (0x3)
Updated property 0xc0010001 (0x9) to merge /usr/lib/gcc/x86_64-pc-linux-gnu/15.2.1/../../../../lib/Scrt1.o (0x9) and /usr/lib/gcc/x86_64-pc-linux-gnu/15.2.1/../../../../lib/crtn.o (0x1)
Removed property 0xc0000002 to merge /usr/lib/gcc/x86_64-pc-linux-gnu/15.2.1/../../../../lib/Scrt1.o (not found) and /usr/lib/gcc/x86_64-pc-linux-gnu/15.2.1/../../../../lib/crtn.o (0x3)

Discarded input sections

 .data          0x0000000000000000        0x4 /usr/lib/gcc/x86_64-pc-linux-gnu/15.2.1/../../../../lib/Scrt1.o
 .bss           0x0000000000000000        0x0 /usr/lib/gcc/x86_64-pc-linux-gnu/15.2.1/../../../../lib/Scrt1.o
 .rodata.cst4   0x0000000000000000        0x4 /usr/lib/gcc/x86_64-pc-linux-gnu/15.2.1/../../../../lib/Scrt1.o
 .text          0x0000000000000000        0x0 /usr/lib/gcc/x86_64-pc-linux-gnu/15.2.1/../../../../lib/crti.o
 .data          0x0000000000000000        0x0 /usr/lib/gcc/x86_64-pc-linux-gnu/15.2.1/../../../../lib/crti.o
 .bss           0x0000000000000000        0x0 /usr/lib/gcc/x86_64-pc-linux-gnu/15.2.1/../../../../lib/crti.o
 .note.gnu.property
                0x0000000000000000       0x50 /usr/lib/gcc/x86_64-pc-linux-gnu/15.2.1/../../../../lib/crti.o
 .data          0x0000000000000000        0x0 /usr/lib/gcc/x86_64-pc-linux-gnu/15.2.1/crtbeginS.o
 .note.gnu.property
                0x0000000000000000       0x50 /usr/lib/gcc/x86_64-pc-linux-gnu/15.2.1/crtbeginS.o
 .data          0x0000000000000000        0x0 nuttx.rel
 .bss           0x0000000000000000        0x0 nuttx.rel
 .note.gnu.property
                0x0000000000000000       0x30 nuttx.rel
 .text.sim_doirq
                0x0000000000000000       0xab nuttx.rel
 .text.irq_dispatch
                0x0000000000000000       0x64 nuttx.rel
 .text.nxmsg_alloc
                0x0000000000000000      0x14d nuttx.rel
 .text.nxmsg_free
                0x0000000000000000       0xf9 nuttx.rel
 .text.nxmsg_lookup
                0x0000000000000000       0x59 nuttx.rel
 .bss.g_msgqs   0x0000000000000000        0x8 nuttx.rel
 .bss.g_nmsgq   0x0000000000000000        0x1 nuttx.rel
 .text.work_foreach
                0x0000000000000000       0x68 nuttx.rel
 .text.clock_basetime
                0x0000000000000000       0x57 nuttx.rel
 .text.perf_gettime
                0x0000000000000000       0x33 nuttx.rel
 .text.perf_convert
                0x0000000000000000       0x34 nuttx.rel
 .text.perf_getfreq
                0x0000000000000000       0x32 nuttx.rel
 .text.nxthread_create
                0x0000000000000000       0xce nuttx.rel
 .text.nxtask_create
                0x0000000000000000       0xc6 nuttx.rel
 .text.task_create_with_stack
                0x0000000000000000       0xd8 nuttx.rel
 .text.task_create
                0x0000000000000000       0xc8 nuttx.rel
 .text.kthread_create_with_stack
                0x0000000000000000       0xbe nuttx.rel
 .text.group_drop
                0x0000000000000000       0x4e nuttx.rel
 .text.task_delete
                0x0000000000000000       0x53 nuttx.rel
 .text.pthread_sem_take
                0x0000000000000000       0x44 nuttx.rel
 .text.nxsem_timedwait
                0x0000000000000000       0x37 nuttx.rel
 .text.nxsem_timedwait_uninterruptible
                0x0000000000000000       0x37 nuttx.rel
[...]
Memory Configuration

Name             Origin             Length             Attributes
*default*        0x0000000000000000 0xffffffffffffffff

Linker script and memory map

LOAD /usr/lib/gcc/x86_64-pc-linux-gnu/15.2.1/../../../../lib/Scrt1.o
LOAD /usr/lib/gcc/x86_64-pc-linux-gnu/15.2.1/../../../../lib/crti.o
LOAD /usr/lib/gcc/x86_64-pc-linux-gnu/15.2.1/crtbeginS.o
Address of section .text-segment set to 0x400000
LOAD nuttx.rel
LOAD sim_hostirq.o
LOAD sim_hostmemory.o
LOAD sim_hostmisc.o
LOAD sim_hosttime.o
LOAD sim_hostuart.o
LOAD sim_hostfs.o
LOAD sim_x11framebuffer.o
LOAD /usr/lib/gcc/x86_64-pc-linux-gnu/15.2.1/../../../../lib/libpthread.a
LOAD /usr/lib/gcc/x86_64-pc-linux-gnu/15.2.1/../../../../lib/librt.a
LOAD /usr/lib/gcc/x86_64-pc-linux-gnu/15.2.1/../../../../lib/libm.so
START GROUP
LOAD /usr/lib/libm.so.6
LOAD /usr/lib/libmvec.so.1
END GROUP
LOAD /usr/lib/gcc/x86_64-pc-linux-gnu/15.2.1/../../../../lib/libX11.so
LOAD /usr/lib/gcc/x86_64-pc-linux-gnu/15.2.1/../../../../lib/libXext.so
LOAD /usr/lib/gcc/x86_64-pc-linux-gnu/15.2.1/libgcc.a
LOAD /usr/lib/gcc/x86_64-pc-linux-gnu/15.2.1/../../../../lib/libgcc_s.so
START GROUP
LOAD /usr/lib/gcc/x86_64-pc-linux-gnu/15.2.1/../../../../lib/libgcc_s.so.1
LOAD /usr/lib/gcc/x86_64-pc-linux-gnu/15.2.1/libgcc.a
END GROUP
LOAD /usr/lib/gcc/x86_64-pc-linux-gnu/15.2.1/../../../../lib/libc.so
START GROUP
LOAD /usr/lib/libc.so.6
LOAD /usr/lib/libc_nonshared.a
LOAD /usr/lib/ld-linux-x86-64.so.2
END GROUP
LOAD /usr/lib/gcc/x86_64-pc-linux-gnu/15.2.1/libgcc.a
LOAD /usr/lib/gcc/x86_64-pc-linux-gnu/15.2.1/../../../../lib/libgcc_s.so
START GROUP
LOAD /usr/lib/gcc/x86_64-pc-linux-gnu/15.2.1/../../../../lib/libgcc_s.so.1
LOAD /usr/lib/gcc/x86_64-pc-linux-gnu/15.2.1/libgcc.a
END GROUP
LOAD /usr/lib/gcc/x86_64-pc-linux-gnu/15.2.1/crtendS.o
LOAD /usr/lib/gcc/x86_64-pc-linux-gnu/15.2.1/../../../../lib/crtn.o
                [!provide]                        PROVIDE (_stext = SEGMENT_START ("text-segment", 0x0))
                0x0000000000400350                . = (SEGMENT_START ("text-segment", 0x0) + SIZEOF_HEADERS)

.note.gnu.build-id
                0x0000000000400350       0x24
 *(.note.gnu.build-id)
 .note.gnu.build-id
                0x0000000000400350       0x24 /usr/lib/gcc/x86_64-pc-linux-gnu/15.2.1/../../../../lib/Scrt1.o

.interp         0x0000000000400374       0x1c
 *(.interp)
 .interp        0x0000000000400374       0x1c /usr/lib/gcc/x86_64-pc-linux-gnu/15.2.1/../../../../lib/Scrt1.o

.hash
 *(.hash)

.gnu.hash       0x0000000000400390       0x1c
 *(.gnu.hash)
 .gnu.hash      0x0000000000400390       0x1c /usr/lib/gcc/x86_64-pc-linux-gnu/15.2.1/../../../../lib/Scrt1.o

.dynsym         0x00000000004003b0      0x480
 *(.dynsym)
 .dynsym        0x00000000004003b0      0x480 /usr/lib/gcc/x86_64-pc-linux-gnu/15.2.1/../../../../lib/Scrt1.o

.dynstr         0x0000000000400830      0x294
 *(.dynstr)
 .dynstr        0x0000000000400830      0x294 /usr/lib/gcc/x86_64-pc-linux-gnu/15.2.1/../../../../lib/Scrt1.o

.gnu.version    0x0000000000400ac4       0x60
 *(.gnu.version)
 .gnu.version   0x0000000000400ac4       0x60 /usr/lib/gcc/x86_64-pc-linux-gnu/15.2.1/../../../../lib/Scrt1.o

.gnu.version_d  0x0000000000400b28        0x0
 *(.gnu.version_d)
 .gnu.version_d
                0x0000000000400b28        0x0 /usr/lib/gcc/x86_64-pc-linux-gnu/15.2.1/../../../../lib/Scrt1.o

.gnu.version_r  0x0000000000400b28       0x50
 *(.gnu.version_r)
 .gnu.version_r
                0x0000000000400b28       0x50 /usr/lib/gcc/x86_64-pc-linux-gnu/15.2.1/../../../../lib/Scrt1.o

.rela.dyn       0x0000000000400b78     0x3780
 *(.rela.init)
 *(.rela.text .rela.text.* .rela.gnu.linkonce.t.*)
 *(.rela.fini)
 *(.rela.rodata .rela.rodata.* .rela.gnu.linkonce.r.*)
 *(.rela.data .rela.data.* .rela.gnu.linkonce.d.*)
 .rela.data.rel.ro
                0x0000000000400b78        0x0 /usr/lib/gcc/x86_64-pc-linux-gnu/15.2.1/../../../../lib/Scrt1.o
 .rela.data.rel.local
                0x0000000000400b78       0x18 /usr/lib/gcc/x86_64-pc-linux-gnu/15.2.1/../../../../lib/Scrt1.o
 .rela.data.rel.ro.local.g_tasklisttable
                0x0000000000400b90       0x78 /usr/lib/gcc/x86_64-pc-linux-gnu/15.2.1/../../../../lib/Scrt1.o
 .rela.data.rel.local.g_msgfreeirq
                0x0000000000400c08       0x30 /usr/lib/gcc/x86_64-pc-linux-gnu/15.2.1/../../../../lib/Scrt1.o
 .rela.data.rel.local.g_msgfree
                0x0000000000400c38       0x30 /usr/lib/gcc/x86_64-pc-linux-gnu/15.2.1/../../../../lib/Scrt1.o
 .rela.data.rel.local.g_msgfreelist
                0x0000000000400c68       0x30 /usr/lib/gcc/x86_64-pc-linux-gnu/15.2.1/../../../../lib/Scrt1.o
 .rela.data.rel.ro.local.g_devnull_fops
                0x0000000000400c98       0x48 /usr/lib/gcc/x86_64-pc-linux-gnu/15.2.1/../../../../lib/Scrt1.o
 .rela.data.rel.ro.local
                0x0000000000400ce0      0x168 /usr/lib/gcc/x86_64-pc-linux-gnu/15.2.1/../../../../lib/Scrt1.o
 .rela.data.rel.local.g_console_dev
                0x0000000000400e48       0x60 /usr/lib/gcc/x86_64-pc-linux-gnu/15.2.1/../../../../lib/Scrt1.o
 .rela.data.rel.local.g_console_priv
                0x0000000000400ea8       0x18 /usr/lib/gcc/x86_64-pc-linux-gnu/15.2.1/../../../../lib/Scrt1.o
 .rela.data.rel.ro.local.g_tty_ops
                0x0000000000400ec0      0x198 /usr/lib/gcc/x86_64-pc-linux-gnu/15.2.1/../../../../lib/Scrt1.o
 .rela.data.rel.ro.local.g_oneshot_ops
                0x0000000000401058       0xa8 /usr/lib/gcc/x86_64-pc-linux-gnu/15.2.1/../../../../lib/Scrt1.o
 .rela.data.rel.local.g_lcddev
                0x0000000000401100       0xc0 /usr/lib/gcc/x86_64-pc-linux-gnu/15.2.1/../../../../lib/Scrt1.o
 .rela.data.rel.local.g_planeinfo
                0x00000000004011c0       0x48 /usr/lib/gcc/x86_64-pc-linux-gnu/15.2.1/../../../../lib/Scrt1.o
 .rela.data.rel.ro.local.entries
                0x0000000000401208      0x1b0 /usr/lib/gcc/x86_64-pc-linux-gnu/15.2.1/../../../../lib/Scrt1.o
 .rela.data.rel.local.kb_ctrl
                0x00000000004013b8       0xc0 /usr/lib/gcc/x86_64-pc-linux-gnu/15.2.1/../../../../lib/Scrt1.o
 .rela.data.rel.local.kb_map
                0x0000000000401478       0xc0 /usr/lib/gcc/x86_64-pc-linux-gnu/15.2.1/../../../../lib/Scrt1.o
 .rela.data.rel.ro.local.default_kb_map_num
                0x0000000000401538      0x1f8 /usr/lib/gcc/x86_64-pc-linux-gnu/15.2.1/../../../../lib/Scrt1.o
 .rela.data.rel.ro.local.default_kb_map_spec
                0x0000000000401730      0x420 /usr/lib/gcc/x86_64-pc-linux-gnu/15.2.1/../../../../lib/Scrt1.o
 .rela.data.rel.ro.local.default_kb_map_uc
                0x0000000000401b50      0x420 /usr/lib/gcc/x86_64-pc-linux-gnu/15.2.1/../../../../lib/Scrt1.o
 .rela.data.rel.ro.local.default_kb_map_lc
                0x0000000000401f70      0x420 /usr/lib/gcc/x86_64-pc-linux-gnu/15.2.1/../../../../lib/Scrt1.o
 .rela.data.rel.ro.lv_keyboard_class
                0x0000000000402390       0x30 /usr/lib/gcc/x86_64-pc-linux-gnu/15.2.1/../../../../lib/Scrt1.o
 .rela.data.rel.ro.lv_btnmatrix_class
                0x00000000004023c0       0x60 /usr/lib/gcc/x86_64-pc-linux-gnu/15.2.1/../../../../lib/Scrt1.o
 .rela.data.rel.local.lv_btnmatrix_def_map
                0x0000000000402420       0xa8 /usr/lib/gcc/x86_64-pc-linux-gnu/15.2.1/../../../../lib/Scrt1.o
 .rela.data.rel.ro.lv_font_montserrat_14
                0x00000000004024c8       0x48 /usr/lib/gcc/x86_64-pc-linux-gnu/15.2.1/../../../../lib/Scrt1.o
 .rela.data.rel.ro.local.font_dsc
                0x0000000000402510       0x78 /usr/lib/gcc/x86_64-pc-linux-gnu/15.2.1/../../../../lib/Scrt1.o
 .rela.data.rel.ro.local.kern_classes
                0x0000000000402588       0x48 /usr/lib/gcc/x86_64-pc-linux-gnu/15.2.1/../../../../lib/Scrt1.o
 .rela.data.rel.ro.local.cmaps
                0x00000000004025d0       0x18 /usr/lib/gcc/x86_64-pc-linux-gnu/15.2.1/../../../../lib/Scrt1.o
 .rela.data.rel.ro.lv_label_class
                0x00000000004025e8       0x60 /usr/lib/gcc/x86_64-pc-linux-gnu/15.2.1/../../../../lib/Scrt1.o
 .rela.data.rel.ro.local.lvl_prefix.0
                0x0000000000402648       0x78 /usr/lib/gcc/x86_64-pc-linux-gnu/15.2.1/../../../../lib/Scrt1.o
 .rela.data.rel.ro.local.lv_obj_class
                0x00000000004026c0       0x48 /usr/lib/gcc/x86_64-pc-linux-gnu/15.2.1/../../../../lib/Scrt1.o
 .rela.data.rel.ro.lv_textarea_class
                0x0000000000402708       0x60 /usr/lib/gcc/x86_64-pc-linux-gnu/15.2.1/../../../../lib/Scrt1.o
 .rela.data.rel.local._lv_txt_get_encoded_length
                0x0000000000402768       0x18 /usr/lib/gcc/x86_64-pc-linux-gnu/15.2.1/../../../../lib/Scrt1.o
 .rela.data.rel.local._lv_txt_encoded_get_char_id
                0x0000000000402780       0x18 /usr/lib/gcc/x86_64-pc-linux-gnu/15.2.1/../../../../lib/Scrt1.o
 .rela.data.rel.local._lv_txt_encoded_get_byte_id
                0x0000000000402798       0x18 /usr/lib/gcc/x86_64-pc-linux-gnu/15.2.1/../../../../lib/Scrt1.o
 .rela.data.rel.local._lv_txt_encoded_prev
                0x00000000004027b0       0x18 /usr/lib/gcc/x86_64-pc-linux-gnu/15.2.1/../../../../lib/Scrt1.o
 .rela.data.rel.local._lv_txt_encoded_next
                0x00000000004027c8       0x18 /usr/lib/gcc/x86_64-pc-linux-gnu/15.2.1/../../../../lib/Scrt1.o
 .rela.data.rel.local._lv_txt_unicode_to_encoded
                0x00000000004027e0       0x18 /usr/lib/gcc/x86_64-pc-linux-gnu/15.2.1/../../../../lib/Scrt1.o
 .rela.data.rel.local._lv_txt_encoded_size
                0x00000000004027f8       0x18 /usr/lib/gcc/x86_64-pc-linux-gnu/15.2.1/../../../../lib/Scrt1.o
 .rela.data.rel.ro.local.day_names_def
                0x0000000000402810       0xa8 /usr/lib/gcc/x86_64-pc-linux-gnu/15.2.1/../../../../lib/Scrt1.o
 .rela.data.rel.ro.lv_calendar_class
                0x00000000004028b8       0x30 /usr/lib/gcc/x86_64-pc-linux-gnu/15.2.1/../../../../lib/Scrt1.o
 .rela.data.rel.ro.local.month_names_def
                0x00000000004028e8      0x120 /usr/lib/gcc/x86_64-pc-linux-gnu/15.2.1/../../../../lib/Scrt1.o
 .rela.data.rel.ro.lv_calendar_header_arrow_class
                0x0000000000402a08       0x30 /usr/lib/gcc/x86_64-pc-linux-gnu/15.2.1/../../../../lib/Scrt1.o
 .rela.data.rel.ro.lv_calendar_header_dropdown_class
                0x0000000000402a38       0x30 /usr/lib/gcc/x86_64-pc-linux-gnu/15.2.1/../../../../lib/Scrt1.o
 .rela.data.rel.ro.lv_chart_class
                0x0000000000402a68       0x60 /usr/lib/gcc/x86_64-pc-linux-gnu/15.2.1/../../../../lib/Scrt1.o
 .rela.data.rel.ro.lv_colorwheel_class
                0x0000000000402ac8       0x48 /usr/lib/gcc/x86_64-pc-linux-gnu/15.2.1/../../../../lib/Scrt1.o
 .rela.data.rel.ro.lv_led_class
                0x0000000000402b10       0x48 /usr/lib/gcc/x86_64-pc-linux-gnu/15.2.1/../../../../lib/Scrt1.o
 .rela.data.rel.ro.lv_list_text_class
                0x0000000000402b58       0x18 /usr/lib/gcc/x86_64-pc-linux-gnu/15.2.1/../../../../lib/Scrt1.o
 .rela.data.rel.ro.lv_list_btn_class
                0x0000000000402b70       0x18 /usr/lib/gcc/x86_64-pc-linux-gnu/15.2.1/../../../../lib/Scrt1.o
 .rela.data.rel.ro.lv_list_class
                0x0000000000402b88       0x18 /usr/lib/gcc/x86_64-pc-linux-gnu/15.2.1/../../../../lib/Scrt1.o
 .rela.data.rel.ro.lv_menu_sidebar_header_cont_class
                0x0000000000402ba0       0x18 /usr/lib/gcc/x86_64-pc-linux-gnu/15.2.1/../../../../lib/Scrt1.o
 .rela.data.rel.ro.lv_menu_main_header_cont_class
                0x0000000000402bb8       0x18 /usr/lib/gcc/x86_64-pc-linux-gnu/15.2.1/../../../../lib/Scrt1.o
 .rela.data.rel.ro.lv_menu_main_cont_class
                0x0000000000402bd0       0x18 /usr/lib/gcc/x86_64-pc-linux-gnu/15.2.1/../../../../lib/Scrt1.o
 .rela.data.rel.ro.lv_menu_sidebar_cont_class
                0x0000000000402be8       0x18 /usr/lib/gcc/x86_64-pc-linux-gnu/15.2.1/../../../../lib/Scrt1.o
 .rela.data.rel.ro.lv_menu_separator_class
                0x0000000000402c00       0x18 /usr/lib/gcc/x86_64-pc-linux-gnu/15.2.1/../../../../lib/Scrt1.o
 .rela.data.rel.ro.lv_menu_section_class
                0x0000000000402c18       0x30 /usr/lib/gcc/x86_64-pc-linux-gnu/15.2.1/../../../../lib/Scrt1.o
 .rela.data.rel.ro.lv_menu_cont_class
                0x0000000000402c48       0x30 /usr/lib/gcc/x86_64-pc-linux-gnu/15.2.1/../../../../lib/Scrt1.o
 .rela.data.rel.ro.lv_menu_page_class
                0x0000000000402c78       0x48 /usr/lib/gcc/x86_64-pc-linux-gnu/15.2.1/../../../../lib/Scrt1.o
 .rela.data.rel.ro.lv_menu_class
                0x0000000000402cc0       0x48 /usr/lib/gcc/x86_64-pc-linux-gnu/15.2.1/../../../../lib/Scrt1.o
 .rela.data.rel.ro.lv_meter_class
                0x0000000000402d08       0x60 /usr/lib/gcc/x86_64-pc-linux-gnu/15.2.1/../../../../lib/Scrt1.o
 .rela.data.rel.ro.lv_msgbox_backdrop_class
                0x0000000000402d68       0x18 /usr/lib/gcc/x86_64-pc-linux-gnu/15.2.1/../../../../lib/Scrt1.o
 .rela.data.rel.ro.lv_msgbox_class
                0x0000000000402d80       0x18 /usr/lib/gcc/x86_64-pc-linux-gnu/15.2.1/../../../../lib/Scrt1.o
 .rela.data.rel.ro.lv_spinbox_class
                0x0000000000402d98       0x48 /usr/lib/gcc/x86_64-pc-linux-gnu/15.2.1/../../../../lib/Scrt1.o
 .rela.data.rel.ro.lv_spinner_class
                0x0000000000402de0       0x30 /usr/lib/gcc/x86_64-pc-linux-gnu/15.2.1/../../../../lib/Scrt1.o
 .rela.data.rel.ro.lv_tabview_class
                0x0000000000402e10       0x60 /usr/lib/gcc/x86_64-pc-linux-gnu/15.2.1/../../../../lib/Scrt1.o
 .rela.data.rel.ro.lv_tileview_tile_class
                0x0000000000402e70       0x30 /usr/lib/gcc/x86_64-pc-linux-gnu/15.2.1/../../../../lib/Scrt1.o
 .rela.data.rel.ro.lv_tileview_class
                0x0000000000402ea0       0x30 /usr/lib/gcc/x86_64-pc-linux-gnu/15.2.1/../../../../lib/Scrt1.o
 .rela.data.rel.ro.lv_win_class
                0x0000000000402ed0       0x30 /usr/lib/gcc/x86_64-pc-linux-gnu/15.2.1/../../../../lib/Scrt1.o
 .rela.data.rel.ro.lv_arc_class
                0x0000000000402f00       0x48 /usr/lib/gcc/x86_64-pc-linux-gnu/15.2.1/../../../../lib/Scrt1.o
 .rela.data.rel.ro.lv_bar_class
                0x0000000000402f48       0x60 /usr/lib/gcc/x86_64-pc-linux-gnu/15.2.1/../../../../lib/Scrt1.o
 .rela.data.rel.ro.lv_btn_class
                0x0000000000402fa8       0x30 /usr/lib/gcc/x86_64-pc-linux-gnu/15.2.1/../../../../lib/Scrt1.o
 .rela.data.rel.ro.lv_checkbox_class
                0x0000000000402fd8       0x60 /usr/lib/gcc/x86_64-pc-linux-gnu/15.2.1/../../../../lib/Scrt1.o
 .rela.data.rel.ro.lv_dropdownlist_class
                0x0000000000403038       0x60 /usr/lib/gcc/x86_64-pc-linux-gnu/15.2.1/../../../../lib/Scrt1.o
 .rela.data.rel.ro.lv_dropdown_class
                0x0000000000403098       0x60 /usr/lib/gcc/x86_64-pc-linux-gnu/15.2.1/../../../../lib/Scrt1.o
 .rela.data.rel.ro.lv_img_class
                0x00000000004030f8       0x60 /usr/lib/gcc/x86_64-pc-linux-gnu/15.2.1/../../../../lib/Scrt1.o
 .rela.data.rel.ro.lv_line_class
                0x0000000000403158       0x48 /usr/lib/gcc/x86_64-pc-linux-gnu/15.2.1/../../../../lib/Scrt1.o
 .rela.data.rel.ro.lv_roller_label_class
                0x00000000004031a0       0x30 /usr/lib/gcc/x86_64-pc-linux-gnu/15.2.1/../../../../lib/Scrt1.o
 .rela.data.rel.ro.lv_roller_class
                0x00000000004031d0       0x48 /usr/lib/gcc/x86_64-pc-linux-gnu/15.2.1/../../../../lib/Scrt1.o
 .rela.data.rel.ro.lv_slider_class
                0x0000000000403218       0x48 /usr/lib/gcc/x86_64-pc-linux-gnu/15.2.1/../../../../lib/Scrt1.o
 .rela.data.rel.ro.lv_switch_class
                0x0000000000403260       0x60 /usr/lib/gcc/x86_64-pc-linux-gnu/15.2.1/../../../../lib/Scrt1.o
 .rela.data.rel.ro.lv_table_class
                0x00000000004032c0       0x60 /usr/lib/gcc/x86_64-pc-linux-gnu/15.2.1/../../../../lib/Scrt1.o
 .rela.data.rel.local.g_sync_nb
                0x0000000000403320       0x18 /usr/lib/gcc/x86_64-pc-linux-gnu/15.2.1/../../../../lib/Scrt1.o
 .rela.data.rel.local.g_dir_inode
                0x0000000000403338       0x18 /usr/lib/gcc/x86_64-pc-linux-gnu/15.2.1/../../../../lib/Scrt1.o
 .rela.data.rel.ro.local.g_dir_fileops
                0x0000000000403350       0x78 /usr/lib/gcc/x86_64-pc-linux-gnu/15.2.1/../../../../lib/Scrt1.o
 .rela.data.rel.local.g_builtin_binfmt
                0x00000000004033c8       0x18 /usr/lib/gcc/x86_64-pc-linux-gnu/15.2.1/../../../../lib/Scrt1.o
 .rela.data.rel.ro.local.g_ttypenames
                0x00000000004033e0       0x60 /usr/lib/gcc/x86_64-pc-linux-gnu/15.2.1/../../../../lib/Scrt1.o
 .rela.data.rel.ro.local.g_policy
                0x0000000000403440       0x48 /usr/lib/gcc/x86_64-pc-linux-gnu/15.2.1/../../../../lib/Scrt1.o
 .rela.data.rel.ro.local.g_statenames
                0x0000000000403488       0xd8 /usr/lib/gcc/x86_64-pc-linux-gnu/15.2.1/../../../../lib/Scrt1.o
 .rela.data.rel.ro.local.g_serialops
                0x0000000000403560       0x90 /usr/lib/gcc/x86_64-pc-linux-gnu/15.2.1/../../../../lib/Scrt1.o
 .rela.data.rel.local.g_syslog_channel
                0x00000000004035f0       0x18 /usr/lib/gcc/x86_64-pc-linux-gnu/15.2.1/../../../../lib/Scrt1.o
 .rela.data.rel.local.g_default_channel
                0x0000000000403608       0x18 /usr/lib/gcc/x86_64-pc-linux-gnu/15.2.1/../../../../lib/Scrt1.o
 .rela.data.rel.ro.local.g_default_channel_ops
                0x0000000000403620       0x48 /usr/lib/gcc/x86_64-pc-linux-gnu/15.2.1/../../../../lib/Scrt1.o
 .rela.data.rel.ro.g_builtins
                0x0000000000403668       0x90 /usr/lib/gcc/x86_64-pc-linux-gnu/15.2.1/../../../../lib/Scrt1.o
 .rela.data.rel.ro.g_cmdmap
                0x00000000004036f8      0x9f0 /usr/lib/gcc/x86_64-pc-linux-gnu/15.2.1/../../../../lib/Scrt1.o
 .rela.data.rel.ro.local.g_lcddev_fops
                0x00000000004040e8       0x48 /usr/lib/gcc/x86_64-pc-linux-gnu/15.2.1/../../../../lib/Scrt1.o
 *(.rela.tdata .rela.tdata.* .rela.gnu.linkonce.td.*)
 *(.rela.tbss .rela.tbss.* .rela.gnu.linkonce.tb.*)
 *(.rela.ctors)
 *(.rela.dtors)
 *(.rela.got)
 .rela.got      0x0000000000404130      0x198 /usr/lib/gcc/x86_64-pc-linux-gnu/15.2.1/../../../../lib/Scrt1.o
 *(.rela.tls)
 .rela.tls      0x00000000004042c8        0x0 /usr/lib/gcc/x86_64-pc-linux-gnu/15.2.1/../../../../lib/Scrt1.o
 *(.rela.bss .rela.bss.* .rela.gnu.linkonce.b.*)
 .rela.bss      0x00000000004042c8        0x0 /usr/lib/gcc/x86_64-pc-linux-gnu/15.2.1/../../../../lib/Scrt1.o
 *(.rela.ldata .rela.ldata.* .rela.gnu.linkonce.l.*)
 *(.rela.lbss .rela.lbss.* .rela.gnu.linkonce.lb.*)
 *(.rela.lrodata .rela.lrodata.* .rela.gnu.linkonce.lr.*)
 *(.rela.ifunc)
 .rela.ifunc    0x00000000004042c8        0x0 /usr/lib/gcc/x86_64-pc-linux-gnu/15.2.1/../../../../lib/Scrt1.o
 .rela.fini_array
                0x00000000004042c8       0x18 /usr/lib/gcc/x86_64-pc-linux-gnu/15.2.1/../../../../lib/Scrt1.o
 .rela.init_array
                0x00000000004042e0       0x18 /usr/lib/gcc/x86_64-pc-linux-gnu/15.2.1/../../../../lib/Scrt1.o

.rela.plt       0x00000000004042f8      0x3d8
 *(.rela.plt)
 .rela.plt      0x00000000004042f8      0x3d8 /usr/lib/gcc/x86_64-pc-linux-gnu/15.2.1/../../../../lib/Scrt1.o
 *(.rela.iplt)

.relr.dyn
 *(.relr.dyn)
                0x0000000000405000                . = ALIGN (CONSTANT (MAXPAGESIZE))

.init           0x0000000000405000       0x1b
 *(SORT_NONE(.init))
 .init          0x0000000000405000       0x16 /usr/lib/gcc/x86_64-pc-linux-gnu/15.2.1/../../../../lib/crti.o
                0x0000000000405000                _init
 .init          0x0000000000405016        0x5 /usr/lib/gcc/x86_64-pc-linux-gnu/15.2.1/../../../../lib/crtn.o

.plt            0x0000000000405020      0x2a0
 *(.plt)
 .plt           0x0000000000405020      0x2a0 /usr/lib/gcc/x86_64-pc-linux-gnu/15.2.1/../../../../lib/Scrt1.o
                0x0000000000405030                tcsetattr@@GLIBC_2.2.5
                0x0000000000405040                XFree
                0x0000000000405050                pthread_sigmask@@GLIBC_2.32
                0x0000000000405060                close@@GLIBC_2.2.5
                0x0000000000405070                syslog@@GLIBC_2.2.5
                0x0000000000405080                shmdt@@GLIBC_2.2.5
                0x0000000000405090                clock_gettime@@GLIBC_2.17
                0x00000000004050a0                XCreateImage
                0x00000000004050b0                read@@GLIBC_2.2.5
                0x00000000004050c0                malloc@@GLIBC_2.2.5
                0x00000000004050d0                sigfillset@@GLIBC_2.2.5
                0x00000000004050e0                XCreateSimpleWindow
                0x00000000004050f0                XOpenDisplay
                0x0000000000405100                XSetWMProperties
                0x0000000000405110                free@@GLIBC_2.2.5
                0x0000000000405120                XCloseDisplay
                0x0000000000405130                XShmCreateImage
                0x0000000000405140                XUnmapWindow
                0x0000000000405150                poll@@GLIBC_2.2.5
                0x0000000000405160                usleep@@GLIBC_2.2.5
                0x0000000000405170                XMapWindow
                0x0000000000405180                tcgetattr@@GLIBC_2.2.5
                0x0000000000405190                XShmQueryExtension
                0x00000000004051a0                XCreateGC
                0x00000000004051b0                XSelectInput
                0x00000000004051c0                __errno_location@@GLIBC_2.2.5
                0x00000000004051d0                XSync
                0x00000000004051e0                XPutImage
                0x00000000004051f0                XShmAttach
                0x0000000000405200                shmget@@GLIBC_2.2.5
                0x0000000000405210                XGetWindowAttributes
                0x0000000000405220                XShmPutImage
                0x0000000000405230                XSetErrorHandler
                0x0000000000405240                sigemptyset@@GLIBC_2.2.5
                0x0000000000405250                XStringListToTextProperty
                0x0000000000405260                shmctl@@GLIBC_2.2.5
                0x0000000000405270                write@@GLIBC_2.2.5
                0x0000000000405280                XShmDetach
                0x0000000000405290                open@@GLIBC_2.2.5
                0x00000000004052a0                mmap@@GLIBC_2.2.5
                0x00000000004052b0                shmat@@GLIBC_2.2.5
 *(.iplt)

.plt.got        0x00000000004052c0        0x0
 *(.plt.got)
 .plt.got       0x00000000004052c0        0x0 /usr/lib/gcc/x86_64-pc-linux-gnu/15.2.1/../../../../lib/Scrt1.o

.plt.sec
 *(.plt.sec)

.text           0x00000000004052c0    0x73ae3
 *(.text.unlikely .text.*_unlikely .text.unlikely.*)
 .text.unlikely.abort
                0x00000000004052c0       0x1c nuttx.rel
                0x00000000004052c0                NXabort
 .text.unlikely.draw_box
                0x00000000004052dc        0xa nuttx.rel
 .text.unlikely.nsh_parse_command
                0x00000000004052e6       0x14 nuttx.rel
 *(.text.exit .text.exit.*)
 *fill*         0x00000000004052fa        0x6 
 .text.exit     0x0000000000405300       0x2f nuttx.rel
                0x0000000000405300                NXexit
 *(.text.startup .text.startup.*)
 *fill*         0x000000000040532f        0x1 
 .text.startup.main
                0x0000000000405330       0x45 nuttx.rel
                0x0000000000405330                main
 *(.text.hot .text.hot.*)
 *(SORT_BY_NAME(.text.sorted.*))
 *(.text .stub .text.* .gnu.linkonce.t.*)
 *fill*         0x0000000000405375        0xb 
 .text          0x0000000000405380       0x26 /usr/lib/gcc/x86_64-pc-linux-gnu/15.2.1/../../../../lib/Scrt1.o
                0x0000000000405380                _start
 *fill*         0x00000000004053a6        0xa 
 .text          0x00000000004053b0       0xc9 /usr/lib/gcc/x86_64-pc-linux-gnu/15.2.1/crtbeginS.o
 *fill*         0x0000000000405479        0x3 
 .text          0x000000000040547c       0x44 nuttx.rel
                0x000000000040547c                NXsetjmp
                0x00000000004054a0                NXlongjmp
 .text.nx_start
                0x00000000004054c0      0x294 nuttx.rel
                0x00000000004054c0                nx_start
 *fill*         0x0000000000405754        0xc 
 .text.nx_bringup
                0x0000000000405760       0xb0 nuttx.rel
                0x0000000000405760                nx_bringup
 .text.instrument_initialize
                0x0000000000405810       0x2e nuttx.rel
                0x0000000000405810                instrument_initialize
 *fill*         0x000000000040583e        0x2 
 .text.irq_initialize
                0x0000000000405840       0x5e nuttx.rel
                0x0000000000405840                irq_initialize
 *fill*         0x000000000040589e        0x2 
 .text.irq_unexpected_isr
                0x00000000004058a0       0x4e nuttx.rel
                0x00000000004058a0                irq_unexpected_isr
 *fill*         0x00000000004058ee       0x12 
 .text.nxmq_initialize
                0x0000000000405900       0xe6 nuttx.rel
                0x0000000000405900                nxmq_initialize
 *fill*         0x00000000004059e6       0x1a 
 .text.nxmsg_initialize
                0x0000000000405a00       0x82 nuttx.rel
                0x0000000000405a00                nxmsg_initialize
 *fill*         0x0000000000405a82        0xe 
 .text.sched_lock
                0x0000000000405a90       0x70 nuttx.rel
                0x0000000000405a90                sched_lock
 .text.sched_unlock
                0x0000000000405b00       0xb6 nuttx.rel
                0x0000000000405b00                sched_unlock
 *fill*         0x0000000000405bb6        0xa 
 .text.nxsig_initialize
                0x0000000000405bc0      0x29b nuttx.rel
                0x0000000000405bc0                nxsig_initialize
 *fill*         0x0000000000405e5b        0x5 
 .text.task_spawn
                0x0000000000405e60      0x144 nuttx.rel
                0x0000000000405e60                task_spawn
 *fill*         0x0000000000405fa4        0xc 
 .text.tls_init_info
                0x0000000000405fb0       0x6f nuttx.rel
                0x0000000000405fb0                tls_init_info
 *fill*         0x000000000040601f        0x1 
 .text.work_thread
                0x0000000000406020       0xeb nuttx.rel
 *fill*         0x000000000040610b        0x5 
 .text.work_thread_create.constprop.0.isra.0
                0x0000000000406110       0xf8 nuttx.rel
 *fill*         0x0000000000406208        0x8 
 .text.work_start_highpri
                0x0000000000406210       0x46 nuttx.rel
                0x0000000000406210                work_start_highpri
 *fill*         0x0000000000406256        0xa 
 .text.work_start_lowpri
                0x0000000000406260       0x46 nuttx.rel
                0x0000000000406260                work_start_lowpri
 *fill*         0x00000000004062a6        0xa 
 .text.clock_initialize
                0x00000000004062b0       0x37 nuttx.rel
                0x00000000004062b0                clock_initialize
 *fill*         0x00000000004062e7        0x9 
 .text.clock_timer
                0x00000000004062f0       0x3b nuttx.rel
                0x00000000004062f0                clock_timer
 *fill*         0x000000000040632b        0x5 
 .text.perf_init
                0x0000000000406330       0x2e nuttx.rel
                0x0000000000406330                perf_init
 *fill*         0x000000000040635e        0x2 
 .text.group_allocate
                0x0000000000406360       0xde nuttx.rel
                0x0000000000406360                group_allocate
 *fill*         0x000000000040643e        0x2 
 .text.group_initialize
                0x0000000000406440       0xa0 nuttx.rel
                0x0000000000406440                group_initialize
 .text.group_setupidlefiles
                0x00000000004064e0       0x75 nuttx.rel
                0x00000000004064e0                group_setupidlefiles
 *fill*         0x0000000000406555        0xb 
 .text.nxsched_merge_pending
                0x0000000000406560      0x10d nuttx.rel
                0x0000000000406560                nxsched_merge_pending
 *fill*         0x000000000040666d        0x3 
 .text.nxsched_get_param
                0x0000000000406670       0x96 nuttx.rel
                0x0000000000406670                nxsched_get_param
 *fill*         0x0000000000406706        0xa 
 .text.sched_getparam
                0x0000000000406710       0xbc nuttx.rel
                0x0000000000406710                sched_getparam
 *fill*         0x00000000004067cc        0x4 
 .text.nxsem_wait
                0x00000000004067d0      0x190 nuttx.rel
                0x00000000004067d0                nxsem_wait
 .text.nxsem_wait_uninterruptible
                0x0000000000406960       0x48 nuttx.rel
                0x0000000000406960                nxsem_wait_uninterruptible
 *fill*         0x00000000004069a8        0x8 
 .text.nxsem_post
                0x00000000004069b0      0x10a nuttx.rel
                0x00000000004069b0                nxsem_post
 *fill*         0x0000000000406aba        0x6 
 .text.kthread_create
                0x0000000000406ac0       0xb6 nuttx.rel
                0x0000000000406ac0                kthread_create
 *fill*         0x0000000000406b76        0xa 
 .text.nxtask_init
                0x0000000000406b80      0x1d8 nuttx.rel
                0x0000000000406b80                nxtask_init
 *fill*         0x0000000000406d58        0x8 
 .text.nxtask_uninit
                0x0000000000406d60       0x72 nuttx.rel
                0x0000000000406d60                nxtask_uninit
 *fill*         0x0000000000406dd2       0x2e 
 .text.nxthread_setup_scheduler
                0x0000000000406e00      0x255 nuttx.rel
 *fill*         0x0000000000407055        0xb 
 .text.nxtask_setup_scheduler
                0x0000000000407060       0x36 nuttx.rel
                0x0000000000407060                nxtask_setup_scheduler
 *fill*         0x0000000000407096        0xa 
 .text.pthread_setup_scheduler
                0x00000000004070a0       0x38 nuttx.rel
                0x00000000004070a0                pthread_setup_scheduler
 *fill*         0x00000000004070d8        0x8 
 .text.nxtask_setup_arguments
                0x00000000004070e0      0x253 nuttx.rel
                0x00000000004070e0                nxtask_setup_arguments
 *fill*         0x0000000000407333        0xd 
 .text.nxtask_activate
                0x0000000000407340       0x72 nuttx.rel
                0x0000000000407340                nxtask_activate
 *fill*         0x00000000004073b2        0xe 
 .text.nxtask_start
                0x00000000004073c0       0x8e nuttx.rel
                0x00000000004073c0                nxtask_start
 *fill*         0x000000000040744e        0x2 
 .text.spawn_execattrs
                0x0000000000407450       0xf8 nuttx.rel
                0x0000000000407450                spawn_execattrs
 *fill*         0x0000000000407548        0x8 
 .text.spawn_file_actions
                0x0000000000407550      0x12c nuttx.rel
                0x0000000000407550                spawn_file_actions
 *fill*         0x000000000040767c        0x4 
 .text.spawn_file_is_duplicateable
                0x0000000000407680       0x74 nuttx.rel
                0x0000000000407680                spawn_file_is_duplicateable
 *fill*         0x00000000004076f4        0xc 
 .text._exit    0x0000000000407700       0x38 nuttx.rel
                0x0000000000407700                _exit
 *fill*         0x0000000000407738        0x8 
 .text.task_init_info
                0x0000000000407740       0xfd nuttx.rel
                0x0000000000407740                task_init_info
 *fill*         0x000000000040783d        0x3 
 .text.wd_cancel
                0x0000000000407840       0xf0 nuttx.rel
                0x0000000000407840                wd_cancel
 *fill*         0x0000000000407930       0x10 
 .text.group_leave
                0x0000000000407940      0x171 nuttx.rel
                0x0000000000407940                group_leave
 *fill*         0x0000000000407ab1        0xf 
 .text.group_setuptaskfiles
                0x0000000000407ac0       0xf8 nuttx.rel
                0x0000000000407ac0                group_setuptaskfiles
 *fill*         0x0000000000407bb8        0x8 
 .text.group_cancel_children_handler
                0x0000000000407bc0       0x74 nuttx.rel
 *fill*         0x0000000000407c34        0xc 
 .text.group_kill_children
                0x0000000000407c40       0x98 nuttx.rel
                0x0000000000407c40                group_kill_children
 *fill*         0x0000000000407cd8        0x8 
 .text.pthread_cancel
                0x0000000000407ce0       0xd4 nuttx.rel
                0x0000000000407ce0                pthread_cancel
 *fill*         0x0000000000407db4        0xc 
 .text.pthread_destroyjoin
                0x0000000000407dc0       0xc2 nuttx.rel
                0x0000000000407dc0                pthread_destroyjoin
 *fill*         0x0000000000407e82        0xe 
 .text.pthread_completejoin
                0x0000000000407e90      0x168 nuttx.rel
                0x0000000000407e90                pthread_completejoin
 *fill*         0x0000000000407ff8        0x8 
 .text.pthread_createjoininfo
                0x0000000000408000       0xb1 nuttx.rel
                0x0000000000408000                pthread_createjoininfo
 *fill*         0x00000000004080b1        0xf 
 .text.pthread_findjoininfo
                0x00000000004080c0       0xe2 nuttx.rel
                0x00000000004080c0                pthread_findjoininfo
 *fill*         0x00000000004081a2        0xe 
 .text.pthread_release
                0x00000000004081b0       0x98 nuttx.rel
                0x00000000004081b0                pthread_release
 *fill*         0x0000000000408248        0x8 
 .text.nxsched_add_readytorun
                0x0000000000408250       0xb8 nuttx.rel
                0x0000000000408250                nxsched_add_readytorun
 *fill*         0x0000000000408308        0x8 
 .text.nxsched_remove_readytorun
                0x0000000000408310      0x103 nuttx.rel
                0x0000000000408310                nxsched_remove_readytorun
 *fill*         0x0000000000408413        0xd 
 .text.nxsched_add_prioritized
                0x0000000000408420       0xe8 nuttx.rel
                0x0000000000408420                nxsched_add_prioritized
 *fill*         0x0000000000408508        0x8 
 .text.nxsched_remove_blocked
                0x0000000000408510       0xc8 nuttx.rel
                0x0000000000408510                nxsched_remove_blocked
 *fill*         0x00000000004085d8        0x8 
 .text.nxsched_get_tcb
                0x00000000004085e0       0x81 nuttx.rel
                0x00000000004085e0                nxsched_get_tcb
 *fill*         0x0000000000408661        0xf 
 .text.nxsched_release_tcb
                0x0000000000408670       0xa5 nuttx.rel
                0x0000000000408670                nxsched_release_tcb
 *fill*         0x0000000000408715        0xb 
 .text.nxsched_set_param
                0x0000000000408720       0x82 nuttx.rel
                0x0000000000408720                nxsched_set_param
 *fill*         0x00000000004087a2        0xe 
 .text.sched_setparam
                0x00000000004087b0       0x53 nuttx.rel
                0x00000000004087b0                sched_setparam
 *fill*         0x0000000000408803        0xd 
 .text.nxsched_set_priority
                0x0000000000408810      0x250 nuttx.rel
                0x0000000000408810                nxsched_set_priority
 .text.nxsched_set_scheduler
                0x0000000000408a60       0xa3 nuttx.rel
                0x0000000000408a60                nxsched_set_scheduler
 *fill*         0x0000000000408b03        0xd 
 .text.sched_setscheduler
                0x0000000000408b10       0x53 nuttx.rel
                0x0000000000408b10                sched_setscheduler
 *fill*         0x0000000000408b63        0xd 
 .text.sched_idletask
                0x0000000000408b70       0x66 nuttx.rel
                0x0000000000408b70                sched_idletask
 *fill*         0x0000000000408bd6        0xa 
 .text.nxsched_reprioritize_rtr
                0x0000000000408be0       0x67 nuttx.rel
                0x0000000000408be0                nxsched_reprioritize_rtr
 *fill*         0x0000000000408c47        0x9 
 .text.nxsem_destroy
                0x0000000000408c50       0x58 nuttx.rel
                0x0000000000408c50                nxsem_destroy
 *fill*         0x0000000000408ca8        0x8 
 .text.nxsig_cleanup
                0x0000000000408cb0       0x89 nuttx.rel
                0x0000000000408cb0                nxsig_cleanup
 *fill*         0x0000000000408d39        0x7 
 .text.nxsig_release
                0x0000000000408d40       0x82 nuttx.rel
                0x0000000000408d40                nxsig_release
 *fill*         0x0000000000408dc2        0xe 
 .text.nxtask_delete
                0x0000000000408dd0       0xd6 nuttx.rel
                0x0000000000408dd0                nxtask_delete
 *fill*         0x0000000000408ea6        0xa 
 .text.nxtask_exithook
                0x0000000000408eb0       0x54 nuttx.rel
                0x0000000000408eb0                nxtask_exithook
 *fill*         0x0000000000408f04        0xc 
 .text.nxtask_recover
                0x0000000000408f10       0x4d nuttx.rel
                0x0000000000408f10                nxtask_recover
 *fill*         0x0000000000408f5d        0x3 
 .text.nxnotify_cancellation
                0x0000000000408f60       0x72 nuttx.rel
                0x0000000000408f60                nxnotify_cancellation
 *fill*         0x0000000000408fd2        0xe 
 .text.nxtask_terminate
                0x0000000000408fe0       0xa6 nuttx.rel
                0x0000000000408fe0                nxtask_terminate
 *fill*         0x0000000000409086        0xa 
 .text.nxsched_gettid
                0x0000000000409090       0x4c nuttx.rel
                0x0000000000409090                nxsched_gettid
 *fill*         0x00000000004090dc        0x4 
 .text.gettid   0x00000000004090e0       0x4c nuttx.rel
                0x00000000004090e0                gettid
 *fill*         0x000000000040912c        0x4 
 .text.task_uninit_info
                0x0000000000409130       0xd8 nuttx.rel
                0x0000000000409130                task_uninit_info
 *fill*         0x0000000000409208        0x8 
 .text.wd_recover
                0x0000000000409210       0x36 nuttx.rel
                0x0000000000409210                wd_recover
 *fill*         0x0000000000409246        0xa 
 .text.group_foreachchild
                0x0000000000409250       0xb0 nuttx.rel
                0x0000000000409250                group_foreachchild
 .text.nxmq_recover
                0x0000000000409300       0xb0 nuttx.rel
                0x0000000000409300                nxmq_recover
 .text.pthread_sem_give
                0x00000000004093b0       0x60 nuttx.rel
                0x00000000004093b0                pthread_sem_give
 .text.pthread_mutex_inconsistent
                0x0000000000409410       0xa8 nuttx.rel
                0x0000000000409410                pthread_mutex_inconsistent
 *fill*         0x00000000004094b8        0x8 
 .text.nxsched_get_tls
                0x00000000004094c0       0x30 nuttx.rel
                0x00000000004094c0                nxsched_get_tls
 .text.nxsem_recover
                0x00000000004094f0       0x78 nuttx.rel
                0x00000000004094f0                nxsem_recover
 *fill*         0x0000000000409568        0x8 
 .text.nxsem_wait_irq
                0x0000000000409570       0xe8 nuttx.rel
                0x0000000000409570                nxsem_wait_irq
 *fill*         0x0000000000409658        0x8 
 .text.nxsig_release_action
                0x0000000000409660       0x6e nuttx.rel
                0x0000000000409660                nxsig_release_action
 *fill*         0x00000000004096ce        0x2 
 .text.nxsig_find_action
                0x00000000004096d0       0x73 nuttx.rel
                0x00000000004096d0                nxsig_find_action
 *fill*         0x0000000000409743        0xd 
 .text.nxsig_release_pendingsigaction
                0x0000000000409750      0x129 nuttx.rel
                0x0000000000409750                nxsig_release_pendingsigaction
 *fill*         0x0000000000409879        0x7 
 .text.nxsig_release_pendingsignal
                0x0000000000409880      0x129 nuttx.rel
                0x0000000000409880                nxsig_release_pendingsignal
 *fill*         0x00000000004099a9       0x17 
 .text.wd_start
                0x00000000004099c0      0x1f3 nuttx.rel
                0x00000000004099c0                wd_start
 *fill*         0x0000000000409bb3        0xd 
 .text.wd_timer
                0x0000000000409bc0       0x8d nuttx.rel
                0x0000000000409bc0                wd_timer
 *fill*         0x0000000000409c4d        0x3 
 .text.clock_timespec_compare
                0x0000000000409c50       0x4c nuttx.rel
                0x0000000000409c50                clock_timespec_compare
 *fill*         0x0000000000409c9c        0x4 
 .text.nxsem_trywait
                0x0000000000409ca0       0xbc nuttx.rel
                0x0000000000409ca0                nxsem_trywait
 *fill*         0x0000000000409d5c        0x4 
 .text.clock_gettime
                0x0000000000409d60      0x13b nuttx.rel
                0x0000000000409d60                NXclock_gettime
 *fill*         0x0000000000409e9b        0x5 
 .text.clock_systime_timespec
                0x0000000000409ea0       0x56 nuttx.rel
                0x0000000000409ea0                clock_systime_timespec
 *fill*         0x0000000000409ef6        0xa 
 .text.drivers_initialize
                0x0000000000409f00       0x37 nuttx.rel
                0x0000000000409f00                drivers_initialize
 *fill*         0x0000000000409f37        0x9 
 .text.devnull_read
                0x0000000000409f40       0x30 nuttx.rel
 .text.devnull_write
                0x0000000000409f70       0x31 nuttx.rel
 *fill*         0x0000000000409fa1        0xf 
 .text.devnull_poll
                0x0000000000409fb0       0x53 nuttx.rel
 *fill*         0x000000000040a003        0xd 
 .text.devnull_register
                0x000000000040a010       0x47 nuttx.rel
                0x000000000040a010                devnull_register
 *fill*         0x000000000040a057        0x9 
 .text.syslog_initialize
                0x000000000040a060       0x30 nuttx.rel
                0x000000000040a060                syslog_initialize
 .text.oneshot_callback
                0x000000000040a090      0x1c0 nuttx.rel
 .text.up_alarm_set_lowerhalf
                0x000000000040a250      0x120 nuttx.rel
                0x000000000040a250                up_alarm_set_lowerhalf
 *fill*         0x000000000040a370       0x10 
 .text.up_udelay
                0x000000000040a380      0x33d nuttx.rel
                0x000000000040a380                up_udelay
 *fill*         0x000000000040a6bd        0x3 
 .text.up_mdelay
                0x000000000040a6c0       0x38 nuttx.rel
                0x000000000040a6c0                up_mdelay
 *fill*         0x000000000040a6f8        0x8 
 .text.__assert
                0x000000000040a700       0x1e nuttx.rel
                0x000000000040a700                __assert
 *fill*         0x000000000040a71e        0x2 
 .text.__stack_chk_fail
                0x000000000040a720       0x2a nuttx.rel
                0x000000000040a720                __stack_chk_fail
 *fill*         0x000000000040a74a        0x6 
 .text.isspace  0x000000000040a750       0x40 nuttx.rel
                0x000000000040a750                isspace
 .text.isspace_l
                0x000000000040a790       0x40 nuttx.rel
                0x000000000040a790                isspace_l
 .text.__errno  0x000000000040a7d0       0x48 nuttx.rel
                0x000000000040a7d0                __errno
 *fill*         0x000000000040a818        0x8 
 .text.nxmutex_init
                0x000000000040a820       0x61 nuttx.rel
                0x000000000040a820                nxmutex_init
 *fill*         0x000000000040a881        0xf 
 .text.nxmutex_destroy
                0x000000000040a890       0x41 nuttx.rel
                0x000000000040a890                nxmutex_destroy
 *fill*         0x000000000040a8d1        0xf 
 .text.nxmutex_is_locked
                0x000000000040a8e0       0x49 nuttx.rel
                0x000000000040a8e0                nxmutex_is_locked
 *fill*         0x000000000040a929        0x7 
 .text.nxmutex_lock
                0x000000000040a930       0x90 nuttx.rel
                0x000000000040a930                nxmutex_lock
 .text.nxmutex_unlock
                0x000000000040a9c0       0x90 nuttx.rel
                0x000000000040a9c0                nxmutex_unlock
 .text.nxmutex_reset
                0x000000000040aa50       0x3e nuttx.rel
                0x000000000040aa50                nxmutex_reset
 *fill*         0x000000000040aa8e        0x2 
 .text.nxrmutex_init
                0x000000000040aa90       0x68 nuttx.rel
                0x000000000040aa90                nxrmutex_init
 *fill*         0x000000000040aaf8        0x8 
 .text.nxrmutex_destroy
                0x000000000040ab00       0x48 nuttx.rel
                0x000000000040ab00                nxrmutex_destroy
 *fill*         0x000000000040ab48        0x8 
 .text.nxrmutex_lock
                0x000000000040ab50       0x78 nuttx.rel
                0x000000000040ab50                nxrmutex_lock
 *fill*         0x000000000040abc8        0x8 
 .text.nxrmutex_trylock
                0x000000000040abd0       0xb0 nuttx.rel
                0x000000000040abd0                nxrmutex_trylock
 .text.nxrmutex_unlock
                0x000000000040ac80       0x78 nuttx.rel
                0x000000000040ac80                nxrmutex_unlock
 *fill*         0x000000000040acf8        0x8 
 .text.pthread_exit
                0x000000000040ad00       0x2a nuttx.rel
                0x000000000040ad00                pthread_exit
 *fill*         0x000000000040ad2a        0x6 
 .text.sq_addafter
                0x000000000040ad30       0x73 nuttx.rel
                0x000000000040ad30                sq_addafter
 *fill*         0x000000000040ada3        0xd 
 .text.sq_remfirst
                0x000000000040adb0       0x57 nuttx.rel
                0x000000000040adb0                sq_remfirst
 *fill*         0x000000000040ae07        0x9 
 .text.sq_remafter
                0x000000000040ae10       0x5d nuttx.rel
                0x000000000040ae10                sq_remafter
 *fill*         0x000000000040ae6d        0x3 
 .text.dq_remfirst
                0x000000000040ae70       0x5e nuttx.rel
                0x000000000040ae70                dq_remfirst
 *fill*         0x000000000040aece        0x2 
 .text.clock_ticks2time
                0x000000000040aed0       0x59 nuttx.rel
                0x000000000040aed0                clock_ticks2time
 *fill*         0x000000000040af29        0x7 
 .text.clock_time2ticks
                0x000000000040af30       0x5c nuttx.rel
                0x000000000040af30                clock_time2ticks
 *fill*         0x000000000040af8c        0x4 
 .text.clock_timespec_add
                0x000000000040af90       0x52 nuttx.rel
                0x000000000040af90                clock_timespec_add
 *fill*         0x000000000040afe2        0xe 
 .text.task_setcancelstate
                0x000000000040aff0       0x94 nuttx.rel
                0x000000000040aff0                task_setcancelstate
 *fill*         0x000000000040b084        0xc 
 .text.nxtask_startup
                0x000000000040b090       0x4b nuttx.rel
                0x000000000040b090                nxtask_startup
 *fill*         0x000000000040b0db        0x5 
 .text.nxsem_init
                0x000000000040b0e0       0x68 nuttx.rel
                0x000000000040b0e0                nxsem_init
 *fill*         0x000000000040b148        0x8 
 .text.sem_init
                0x000000000040b150       0x5e nuttx.rel
                0x000000000040b150                sem_init
 *fill*         0x000000000040b1ae        0x2 
 .text.nxsem_set_protocol
                0x000000000040b1b0       0x68 nuttx.rel
                0x000000000040b1b0                nxsem_set_protocol
 *fill*         0x000000000040b218        0x8 
 .text.nxsem_get_value
                0x000000000040b220       0x4c nuttx.rel
                0x000000000040b220                nxsem_get_value
 *fill*         0x000000000040b26c        0x4 
 .text.sem_getvalue
                0x000000000040b270       0x57 nuttx.rel
                0x000000000040b270                sem_getvalue
 *fill*         0x000000000040b2c7        0x9 
 .text.sigemptyset
                0x000000000040b2d0       0x37 nuttx.rel
                0x000000000040b2d0                NXsigemptyset
 *fill*         0x000000000040b307        0x9 
 .text.sigfillset
                0x000000000040b310       0x37 nuttx.rel
                0x000000000040b310                NXsigfillset
 *fill*         0x000000000040b347        0x9 
 .text.posix_spawnattr_init
                0x000000000040b350       0xa8 nuttx.rel
                0x000000000040b350                posix_spawnattr_init
 *fill*         0x000000000040b3f8        0x8 
 .text.posix_spawnattr_destroy
                0x000000000040b400       0x30 nuttx.rel
                0x000000000040b400                posix_spawnattr_destroy
 .text.snprintf
                0x000000000040b430       0xe7 nuttx.rel
                0x000000000040b430                snprintf
 *fill*         0x000000000040b517        0x9 
 .text.vsprintf_internal.constprop.0
                0x000000000040b520     0x1051 nuttx.rel
 *fill*         0x000000000040c571        0xf 
 .text.lib_vsprintf
                0x000000000040c580       0x3c nuttx.rel
                0x000000000040c580                lib_vsprintf
 *fill*         0x000000000040c5bc        0x4 
 .text.lib_vsprintf_internal
                0x000000000040c5c0       0x3c nuttx.rel
                0x000000000040c5c0                lib_vsprintf_internal
 *fill*         0x000000000040c5fc        0x4 
 .text.__ultoa_invert
                0x000000000040c600       0x93 nuttx.rel
                0x000000000040c600                __ultoa_invert
 *fill*         0x000000000040c693        0xd 
 .text.quick_exit
                0x000000000040c6a0       0x28 nuttx.rel
                0x000000000040c6a0                quick_exit
 *fill*         0x000000000040c6c8        0x8 
 .text._Exit    0x000000000040c6d0       0x19 nuttx.rel
                0x000000000040c6d0                _Exit
 *fill*         0x000000000040c6e9        0x7 
 .text.strtoul  0x000000000040c6f0      0x1c3 nuttx.rel
                0x000000000040c6f0                strtoul
 *fill*         0x000000000040c8b3        0xd 
 .text.lib_checkbase
                0x000000000040c8c0       0xe3 nuttx.rel
                0x000000000040c8c0                lib_checkbase
 *fill*         0x000000000040c9a3        0xd 
 .text.memoutstream_puts
                0x000000000040c9b0       0xa8 nuttx.rel
 *fill*         0x000000000040ca58        0x8 
 .text.memoutstream_putc
                0x000000000040ca60       0x68 nuttx.rel
 *fill*         0x000000000040cac8        0x8 
 .text.lib_memoutstream
                0x000000000040cad0       0x6a nuttx.rel
                0x000000000040cad0                lib_memoutstream
 *fill*         0x000000000040cb3a        0x6 
 .text.nulloutstream_puts
                0x000000000040cb40       0x50 nuttx.rel
 .text.nulloutstream_putc
                0x000000000040cb90       0x50 nuttx.rel
 .text.lib_nulloutstream
                0x000000000040cbe0       0x59 nuttx.rel
                0x000000000040cbe0                lib_nulloutstream
 *fill*         0x000000000040cc39        0x7 
 .text.lib_noflush
                0x000000000040cc40       0x30 nuttx.rel
                0x000000000040cc40                lib_noflush
 .text.lib_isbasedigit
                0x000000000040cc70       0xa5 nuttx.rel
                0x000000000040cc70                lib_isbasedigit
 *fill*         0x000000000040cd15        0xb 
 .text.lib_skipspace
                0x000000000040cd20       0x50 nuttx.rel
                0x000000000040cd20                lib_skipspace
 *fill*         0x000000000040cd70       0x10 
 .text.strlcpy  0x000000000040cd80       0x6b nuttx.rel
                0x000000000040cd80                strlcpy
 *fill*         0x000000000040cdeb        0x5 
 .text.strlen   0x000000000040cdf0       0x51 nuttx.rel
                0x000000000040cdf0                NXstrlen
 *fill*         0x000000000040ce41        0xf 
 .text.strnlen  0x000000000040ce50       0x5b nuttx.rel
                0x000000000040ce50                strnlen
 *fill*         0x000000000040ceab        0x5 
 .text.memcpy   0x000000000040ceb0       0x4d nuttx.rel
                0x000000000040ceb0                NXmemcpy
 *fill*         0x000000000040cefd        0x3 
 .text.vsyslog  0x000000000040cf00       0x58 nuttx.rel
                0x000000000040cf00                vsyslog
 *fill*         0x000000000040cf58        0x8 
 .text.syslog   0x000000000040cf60       0xb1 nuttx.rel
                0x000000000040cf60                NXsyslog
 *fill*         0x000000000040d011        0xf 
 .text.setlogmask
                0x000000000040d020       0x3c nuttx.rel
                0x000000000040d020                setlogmask
 *fill*         0x000000000040d05c        0x4 
 .text.clock_daysbeforemonth
                0x000000000040d060       0x48 nuttx.rel
                0x000000000040d060                clock_daysbeforemonth
 *fill*         0x000000000040d0a8        0x8 
 .text.clock_isleapyear
                0x000000000040d0b0       0x77 nuttx.rel
                0x000000000040d0b0                clock_isleapyear
 *fill*         0x000000000040d127        0x9 
 .text.tls_get_info
                0x000000000040d130       0x45 nuttx.rel
                0x000000000040d130                tls_get_info
 *fill*         0x000000000040d175        0xb 
 .text.lib_cxx_initialize
                0x000000000040d180       0x2e nuttx.rel
                0x000000000040d180                lib_cxx_initialize
 *fill*         0x000000000040d1ae        0x2 
 .text.fflush_unlocked
                0x000000000040d1b0       0x6e nuttx.rel
                0x000000000040d1b0                fflush_unlocked
 *fill*         0x000000000040d21e        0x2 
 .text.fflush   0x000000000040d220       0x6e nuttx.rel
                0x000000000040d220                fflush
 *fill*         0x000000000040d28e       0x12 
 .text.lib_flushall_unlocked
                0x000000000040d2a0       0xa4 nuttx.rel
                0x000000000040d2a0                lib_flushall_unlocked
 *fill*         0x000000000040d344        0xc 
 .text.lib_flushall
                0x000000000040d350       0xae nuttx.rel
                0x000000000040d350                lib_flushall
 *fill*         0x000000000040d3fe        0x2 
 .text.lib_fflush_unlocked
                0x000000000040d400       0xe0 nuttx.rel
                0x000000000040d400                lib_fflush_unlocked
 .text.lib_fflush
                0x000000000040d4e0       0x50 nuttx.rel
                0x000000000040d4e0                lib_fflush
 .text.flockfile
                0x000000000040d530       0x36 nuttx.rel
                0x000000000040d530                flockfile
 *fill*         0x000000000040d566        0xa 
 .text.ftrylockfile
                0x000000000040d570       0x36 nuttx.rel
                0x000000000040d570                ftrylockfile
 *fill*         0x000000000040d5a6        0xa 
 .text.funlockfile
                0x000000000040d5b0       0x36 nuttx.rel
                0x000000000040d5b0                funlockfile
 *fill*         0x000000000040d5e6        0xa 
 .text.lib_get_streams
                0x000000000040d5f0       0x37 nuttx.rel
                0x000000000040d5f0                lib_get_streams
 *fill*         0x000000000040d627        0x9 
 .text.lib_get_stream
                0x000000000040d630       0x48 nuttx.rel
                0x000000000040d630                lib_get_stream
 *fill*         0x000000000040d678        0x8 
 .text.task_get_info
                0x000000000040d680       0x36 nuttx.rel
                0x000000000040d680                task_get_info
 *fill*         0x000000000040d6b6        0xa 
 .text.umm_initialize
                0x000000000040d6c0       0x45 nuttx.rel
                0x000000000040d6c0                umm_initialize
 *fill*         0x000000000040d705        0xb 
 .text.free     0x000000000040d710       0x3c nuttx.rel
                0x000000000040d710                NXfree
 *fill*         0x000000000040d74c        0x4 
 .text.malloc   0x000000000040d750       0x64 nuttx.rel
                0x000000000040d750                NXmalloc
 *fill*         0x000000000040d7b4        0xc 
 .text.realloc  0x000000000040d7c0       0x64 nuttx.rel
                0x000000000040d7c0                NXrealloc
 *fill*         0x000000000040d824        0xc 
 .text.zalloc   0x000000000040d830       0x64 nuttx.rel
                0x000000000040d830                zalloc
 *fill*         0x000000000040d894        0xc 
 .text.mm_map_initialize
                0x000000000040d8a0       0x49 nuttx.rel
                0x000000000040d8a0                mm_map_initialize
 *fill*         0x000000000040d8e9        0x7 
 .text.mm_map_destroy
                0x000000000040d8f0       0x98 nuttx.rel
                0x000000000040d8f0                mm_map_destroy
 *fill*         0x000000000040d988        0x8 
 .text.mm_addregion
                0x000000000040d990       0xb8 nuttx.rel
                0x000000000040d990                mm_addregion
 *fill*         0x000000000040da48       0x18 
 .text.mm_initialize
                0x000000000040da60       0xbf nuttx.rel
                0x000000000040da60                mm_initialize
 *fill*         0x000000000040db1f        0x1 
 .text.mm_lock  0x000000000040db20       0x7c nuttx.rel
                0x000000000040db20                mm_lock
 *fill*         0x000000000040db9c        0x4 
 .text.mm_unlock
                0x000000000040dba0       0x59 nuttx.rel
                0x000000000040dba0                mm_unlock
 *fill*         0x000000000040dbf9        0x7 
 .text.mm_addfreechunk
                0x000000000040dc00      0x10b nuttx.rel
                0x000000000040dc00                mm_addfreechunk
 *fill*         0x000000000040dd0b        0x5 
 .text.mm_size2ndx
                0x000000000040dd10       0x68 nuttx.rel
                0x000000000040dd10                mm_size2ndx
 *fill*         0x000000000040dd78        0x8 
 .text.mm_delayfree
                0x000000000040dd80      0x248 nuttx.rel
                0x000000000040dd80                mm_delayfree
 *fill*         0x000000000040dfc8        0x8 
 .text.mm_free  0x000000000040dfd0       0x80 nuttx.rel
                0x000000000040dfd0                mm_free
 .text.mm_malloc
                0x000000000040e050      0x237 nuttx.rel
                0x000000000040e050                mm_malloc
 *fill*         0x000000000040e287        0x9 
 .text.mm_realloc
                0x000000000040e290      0x480 nuttx.rel
                0x000000000040e290                mm_realloc
 .text.mm_zalloc
                0x000000000040e710       0x51 nuttx.rel
                0x000000000040e710                mm_zalloc
 *fill*         0x000000000040e761        0xf 
 .text.mm_heapmember
                0x000000000040e770       0x3b nuttx.rel
                0x000000000040e770                mm_heapmember
 *fill*         0x000000000040e7ab        0x5 
 .text.mm_shrinkchunk
                0x000000000040e7b0      0x153 nuttx.rel
                0x000000000040e7b0                mm_shrinkchunk
 *fill*         0x000000000040e903        0xd 
 .text.sim_loop_task
                0x000000000040e910       0x4b nuttx.rel
 *fill*         0x000000000040e95b        0x5 
 .text.up_initialize
                0x000000000040e960       0x52 nuttx.rel
                0x000000000040e960                up_initialize
 *fill*         0x000000000040e9b2        0xe 
 .text.up_idle  0x000000000040e9c0       0x32 nuttx.rel
                0x000000000040e9c0                up_idle
 *fill*         0x000000000040e9f2        0xe 
 .text.pre_start
                0x000000000040ea00       0x41 nuttx.rel
 *fill*         0x000000000040ea41        0xf 
 .text.up_initial_state
                0x000000000040ea50       0xb5 nuttx.rel
                0x000000000040ea50                up_initial_state
 *fill*         0x000000000040eb05       0x1b 
 .text.up_create_stack
                0x000000000040eb20      0x122 nuttx.rel
                0x000000000040eb20                up_create_stack
 *fill*         0x000000000040ec42       0x1e 
 .text.sim_stack_color
                0x000000000040ec60       0x54 nuttx.rel
                0x000000000040ec60                sim_stack_color
 *fill*         0x000000000040ecb4        0xc 
 .text.up_use_stack
                0x000000000040ecc0       0x3c nuttx.rel
                0x000000000040ecc0                up_use_stack
 *fill*         0x000000000040ecfc        0x4 
 .text.up_release_stack
                0x000000000040ed00       0x72 nuttx.rel
                0x000000000040ed00                up_release_stack
 *fill*         0x000000000040ed72        0xe 
 .text.up_stack_frame
                0x000000000040ed80       0x6b nuttx.rel
                0x000000000040ed80                up_stack_frame
 *fill*         0x000000000040edeb        0x5 
 .text.up_exit  0x000000000040edf0       0x43 nuttx.rel
                0x000000000040edf0                up_exit
 *fill*         0x000000000040ee33        0xd 
 .text.up_switch_context
                0x000000000040ee40       0xb6 nuttx.rel
                0x000000000040ee40                up_switch_context
 *fill*         0x000000000040eef6        0xa 
 .text.up_allocate_heap
                0x000000000040ef00       0x4d nuttx.rel
                0x000000000040ef00                up_allocate_heap
 *fill*         0x000000000040ef4d        0x3 
 .text.tty_attach
                0x000000000040ef50       0x30 nuttx.rel
 .text.tty_detach
                0x000000000040ef80       0x2e nuttx.rel
 *fill*         0x000000000040efae        0x2 
 .text.tty_ioctl
                0x000000000040efb0       0x33 nuttx.rel
 *fill*         0x000000000040efe3        0xd 
 .text.tty_rxflowcontrol
                0x000000000040eff0       0x3a nuttx.rel
 *fill*         0x000000000040f02a        0x6 
 .text.tty_txempty
                0x000000000040f030       0x33 nuttx.rel
 *fill*         0x000000000040f063        0xd 
 .text.tty_txready
                0x000000000040f070       0x49 nuttx.rel
 *fill*         0x000000000040f0b9        0x7 
 .text.tty_txint
                0x000000000040f0c0       0x71 nuttx.rel
 *fill*         0x000000000040f131        0xf 
 .text.tty_work
                0x000000000040f140       0xca nuttx.rel
 *fill*         0x000000000040f20a        0x6 
 .text.tty_rxint
                0x000000000040f210       0x71 nuttx.rel
 *fill*         0x000000000040f281        0xf 
 .text.tty_send
                0x000000000040f290       0x57 nuttx.rel
 *fill*         0x000000000040f2e7        0x9 
 .text.tty_dmatxavail
                0x000000000040f2f0       0x62 nuttx.rel
 *fill*         0x000000000040f352        0xe 
 .text.tty_dmarxfree
                0x000000000040f360       0x62 nuttx.rel
 *fill*         0x000000000040f3c2        0xe 
 .text.tty_receive
                0x000000000040f3d0       0x55 nuttx.rel
 *fill*         0x000000000040f425        0xb 
 .text.tty_dmareceive
                0x000000000040f430       0xa7 nuttx.rel
 *fill*         0x000000000040f4d7        0x9 
 .text.tty_dmasend
                0x000000000040f4e0       0xae nuttx.rel
 *fill*         0x000000000040f58e        0x2 
 .text.tty_rxavailable
                0x000000000040f590       0x3c nuttx.rel
 *fill*         0x000000000040f5cc        0x4 
 .text.tty_shutdown
                0x000000000040f5d0       0x44 nuttx.rel
 *fill*         0x000000000040f614        0xc 
 .text.tty_setup
                0x000000000040f620       0x40 nuttx.rel
 .text.sim_uartinit
                0x000000000040f660       0x45 nuttx.rel
                0x000000000040f660                sim_uartinit
 *fill*         0x000000000040f6a5        0xb 
 .text.up_nputs
                0x000000000040f6b0       0x80 nuttx.rel
                0x000000000040f6b0                up_nputs
 .text.up_putc  0x000000000040f730       0x79 nuttx.rel
                0x000000000040f730                up_putc
 *fill*         0x000000000040f7a9       0x17 
 .text.sim_copyfullstate
                0x000000000040f7c0       0x4c nuttx.rel
                0x000000000040f7c0                sim_copyfullstate
 *fill*         0x000000000040f80c        0x4 
 .text.sim_sigdeliver
                0x000000000040f810       0x72 nuttx.rel
                0x000000000040f810                sim_sigdeliver
 *fill*         0x000000000040f882        0xe 
 .text.sim_max_delay
                0x000000000040f890       0x58 nuttx.rel
 *fill*         0x000000000040f8e8        0x8 
 .text.sim_start
                0x000000000040f8f0       0xe0 nuttx.rel
 .text.sim_current
                0x000000000040f9d0       0x88 nuttx.rel
 *fill*         0x000000000040fa58        0x8 
 .text.sim_cancel
                0x000000000040fa60       0xd8 nuttx.rel
 *fill*         0x000000000040fb38        0x8 
 .text.oneshot_initialize
                0x000000000040fb40       0x7e nuttx.rel
                0x000000000040fb40                oneshot_initialize
 *fill*         0x000000000040fbbe        0x2 
 .text.up_timer_initialize
                0x000000000040fbc0       0x7e nuttx.rel
                0x000000000040fbc0                up_timer_initialize
 *fill*         0x000000000040fc3e        0x2 
 .text.sim_timer_update
                0x000000000040fc40      0x127 nuttx.rel
                0x000000000040fc40                sim_timer_update
 *fill*         0x000000000040fd67        0x9 
 .text.sim_getrun
                0x000000000040fd70       0x33 nuttx.rel
 *fill*         0x000000000040fda3        0xd 
 .text.sim_getpower
                0x000000000040fdb0       0x35 nuttx.rel
 *fill*         0x000000000040fde5        0xb 
 .text.sim_getcontrast
                0x000000000040fdf0       0x33 nuttx.rel
 *fill*         0x000000000040fe23        0xd 
 .text.sim_setcontrast
                0x000000000040fe30       0x33 nuttx.rel
 *fill*         0x000000000040fe63        0xd 
 .text.sim_putarea
                0x000000000040fe70      0x136 nuttx.rel
 *fill*         0x000000000040ffa6        0xa 
 .text.sim_putrun
                0x000000000040ffb0       0x71 nuttx.rel
 *fill*         0x0000000000410021        0xf 
 .text.sim_closewindow
                0x0000000000410030       0x32 nuttx.rel
 *fill*         0x0000000000410062        0xe 
 .text.sim_openwindow
                0x0000000000410070       0x32 nuttx.rel
 *fill*         0x00000000004100a2        0xe 
 .text.sim_setpower
                0x00000000004100b0       0x58 nuttx.rel
 *fill*         0x0000000000410108        0x8 
 .text.sim_getplaneinfo
                0x0000000000410110       0x90 nuttx.rel
 .text.sim_getvideoinfo
                0x00000000004101a0       0x60 nuttx.rel
 .text.sim_x11loop
                0x0000000000410200       0x5a nuttx.rel
                0x0000000000410200                sim_x11loop
 *fill*         0x000000000041025a        0x6 
 .text.board_lcd_initialize
                0x0000000000410260       0x58 nuttx.rel
                0x0000000000410260                board_lcd_initialize
 *fill*         0x00000000004102b8        0x8 
 .text.board_lcd_getdev
                0x00000000004102c0       0x50 nuttx.rel
                0x00000000004102c0                board_lcd_getdev
 .text.populate_list
                0x0000000000410310       0xde nuttx.rel
 *fill*         0x00000000004103ee        0x2 
 .text.update_bottom_highlight
                0x00000000004103f0       0x79 nuttx.rel
 *fill*         0x0000000000410469        0x7 
 .text.keypad_read
                0x0000000000410470      0x134 nuttx.rel
 *fill*         0x00000000004105a4        0xc 
 .text.osc_keyboard
                0x00000000004105b0       0xf5 nuttx.rel
                0x00000000004105b0                osc_keyboard
 *fill*         0x00000000004106a5        0xb 
 .text.keyboard_event_cb
                0x00000000004106b0      0x1af nuttx.rel
 *fill*         0x000000000041085f        0x1 
 .text.create_ui
                0x0000000000410860      0x9d2 nuttx.rel
                0x0000000000410860                create_ui
 *fill*         0x0000000000411232        0xe 
 .text.lvgldemo_main
                0x0000000000411240      0x12c nuttx.rel
                0x0000000000411240                lvgldemo_main
 *fill*         0x000000000041136c        0x4 
 .text.lv_area_get_width
                0x0000000000411370       0x78 nuttx.rel
 *fill*         0x00000000004113e8        0x8 
 .text.lv_area_get_height
                0x00000000004113f0       0x79 nuttx.rel
 *fill*         0x0000000000411469        0x7 
 .text.place_content
                0x0000000000411470      0x100 nuttx.rel
 .text.find_track_end
                0x0000000000411570      0x539 nuttx.rel
 *fill*         0x0000000000411aa9       0x17 
 .text.flex_update
                0x0000000000411ac0      0xee0 nuttx.rel
 .text.lv_flex_init
                0x00000000004129a0       0x7e nuttx.rel
                0x00000000004129a0                lv_flex_init
 *fill*         0x0000000000412a1e        0x2 
 .text.lv_obj_set_flex_flow
                0x0000000000412a20       0x52 nuttx.rel
                0x0000000000412a20                lv_obj_set_flex_flow
 *fill*         0x0000000000412a72        0xe 
 .text.lv_obj_set_flex_align
                0x0000000000412a80       0x80 nuttx.rel
                0x0000000000412a80                lv_obj_set_flex_align
 .text.lv_obj_set_flex_grow
                0x0000000000412b00       0x55 nuttx.rel
                0x0000000000412b00                lv_obj_set_flex_grow
 *fill*         0x0000000000412b55        0xb 
 .text.lv_keyboard_update_ctrl_map
                0x0000000000412b60       0xce nuttx.rel
 *fill*         0x0000000000412c2e        0x2 
 .text.lv_keyboard_constructor
                0x0000000000412c30       0x9d nuttx.rel
 *fill*         0x0000000000412ccd        0x3 
 .text.lv_keyboard_def_event_cb
                0x0000000000412cd0      0x479 nuttx.rel
                0x0000000000412cd0                lv_keyboard_def_event_cb
 *fill*         0x0000000000413149        0x7 
 .text.lv_keyboard_create
                0x0000000000413150       0x4d nuttx.rel
                0x0000000000413150                lv_keyboard_create
 *fill*         0x000000000041319d        0x3 
 .text.lv_keyboard_set_textarea
                0x00000000004131a0       0x7a nuttx.rel
                0x00000000004131a0                lv_keyboard_set_textarea
 *fill*         0x000000000041321a        0x6 
 .text.lv_area_set
                0x0000000000413220       0x53 nuttx.rel
                0x0000000000413220                lv_area_set
 *fill*         0x0000000000413273        0xd 
 .text.lv_area_set_width
                0x0000000000413280       0x39 nuttx.rel
                0x0000000000413280                lv_area_set_width
 *fill*         0x00000000004132b9        0x7 
 .text.lv_area_set_height
                0x00000000004132c0       0x3a nuttx.rel
                0x00000000004132c0                lv_area_set_height
 *fill*         0x00000000004132fa        0x6 
 .text.lv_area_get_size
                0x0000000000413300       0x4a nuttx.rel
                0x0000000000413300                lv_area_get_size
 *fill*         0x000000000041334a        0x6 
 .text.lv_area_increase
                0x0000000000413350       0x69 nuttx.rel
                0x0000000000413350                lv_area_increase
 *fill*         0x00000000004133b9        0x7 
 .text.lv_area_move
                0x00000000004133c0       0x5d nuttx.rel
                0x00000000004133c0                lv_area_move
 *fill*         0x000000000041341d        0x3 
 .text._lv_area_intersect
                0x0000000000413420       0x8f nuttx.rel
                0x0000000000413420                _lv_area_intersect
 *fill*         0x00000000004134af        0x1 
 .text._lv_area_join
                0x00000000004134b0       0x73 nuttx.rel
                0x00000000004134b0                _lv_area_join
 *fill*         0x0000000000413523        0xd 
 .text._lv_area_is_point_on
                0x0000000000413530      0x30f nuttx.rel
                0x0000000000413530                _lv_area_is_point_on
 *fill*         0x000000000041383f        0x1 
 .text._lv_area_is_on
                0x0000000000413840       0x55 nuttx.rel
                0x0000000000413840                _lv_area_is_on
 *fill*         0x0000000000413895        0xb 
 .text._lv_area_is_in
                0x00000000004138a0      0x112 nuttx.rel
                0x00000000004138a0                _lv_area_is_in
 *fill*         0x00000000004139b2        0xe 
 .text._lv_area_is_out
                0x00000000004139c0      0x125 nuttx.rel
                0x00000000004139c0                _lv_area_is_out
 *fill*         0x0000000000413ae5        0xb 
 .text.lv_point_transform
                0x0000000000413af0      0x259 nuttx.rel
                0x0000000000413af0                lv_point_transform
 *fill*         0x0000000000413d49        0x7 
 .text.get_button_from_point
                0x0000000000413d50      0x2a7 nuttx.rel
 *fill*         0x0000000000413ff7        0x9 
 .text.draw_main
                0x0000000000414000      0xf66 nuttx.rel
 *fill*         0x0000000000414f66        0xa 
 .text.lv_btnmatrix_destructor
                0x0000000000414f70       0x4b nuttx.rel
 *fill*         0x0000000000414fbb        0x5 
 .text.invalidate_button_area.part.0
                0x0000000000414fc0      0x116 nuttx.rel
 *fill*         0x00000000004150d6        0xa 
 .text.lv_btnmatrix_set_map.part.0
                0x00000000004150e0      0x498 nuttx.rel
 *fill*         0x0000000000415578        0x8 
 .text.lv_btnmatrix_constructor
                0x0000000000415580       0x60 nuttx.rel
 .text.lv_btnmatrix_create
                0x00000000004155e0       0x4d nuttx.rel
                0x00000000004155e0                lv_btnmatrix_create
 *fill*         0x000000000041562d        0x3 
 .text.lv_btnmatrix_set_map
                0x0000000000415630       0x52 nuttx.rel
                0x0000000000415630                lv_btnmatrix_set_map
 *fill*         0x0000000000415682        0xe 
 .text.lv_btnmatrix_set_ctrl_map
                0x0000000000415690       0x6b nuttx.rel
                0x0000000000415690                lv_btnmatrix_set_ctrl_map
 *fill*         0x00000000004156fb        0x5 
 .text.lv_btnmatrix_set_selected_btn
                0x0000000000415700       0xcf nuttx.rel
                0x0000000000415700                lv_btnmatrix_set_selected_btn
 *fill*         0x00000000004157cf        0x1 
 .text.lv_btnmatrix_set_btn_ctrl_all
                0x00000000004157d0       0xe4 nuttx.rel
                0x00000000004157d0                lv_btnmatrix_set_btn_ctrl_all
 *fill*         0x00000000004158b4        0xc 
 .text.lv_btnmatrix_clear_btn_ctrl_all
                0x00000000004158c0       0x95 nuttx.rel
                0x00000000004158c0                lv_btnmatrix_clear_btn_ctrl_all
 *fill*         0x0000000000415955        0xb 
 .text.make_one_button_checked
                0x0000000000415960      0x118 nuttx.rel
 *fill*         0x0000000000415a78        0x8 
 .text.lv_btnmatrix_event
                0x0000000000415a80      0x96f nuttx.rel
 *fill*         0x00000000004163ef        0x1 
 .text.lv_btnmatrix_set_btn_ctrl
                0x00000000004163f0       0xcd nuttx.rel
                0x00000000004163f0                lv_btnmatrix_set_btn_ctrl
 *fill*         0x00000000004164bd        0x3 
 .text.lv_btnmatrix_set_one_checked
                0x00000000004164c0       0x46 nuttx.rel
                0x00000000004164c0                lv_btnmatrix_set_one_checked
 *fill*         0x0000000000416506        0xa 
 .text.lv_btnmatrix_get_selected_btn
                0x0000000000416510       0x32 nuttx.rel
                0x0000000000416510                lv_btnmatrix_get_selected_btn
 *fill*         0x0000000000416542        0xe 
 .text.lv_btnmatrix_get_btn_text
                0x0000000000416550       0xa1 nuttx.rel
                0x0000000000416550                lv_btnmatrix_get_btn_text
 *fill*         0x00000000004165f1        0xf 
 .text.lv_btnmatrix_has_btn_ctrl
                0x0000000000416600       0x47 nuttx.rel
                0x0000000000416600                lv_btnmatrix_has_btn_ctrl
 *fill*         0x0000000000416647        0x9 
 .text.set_y_anim
                0x0000000000416650       0x75 nuttx.rel
 *fill*         0x00000000004166c5        0xb 
 .text.scr_load_anim_start
                0x00000000004166d0       0xac nuttx.rel
 *fill*         0x000000000041677c        0x4 
 .text.lv_disp_get_scr_act
                0x0000000000416780       0x74 nuttx.rel
                0x0000000000416780                lv_disp_get_scr_act
 *fill*         0x00000000004167f4        0xc 
 .text.lv_disp_get_scr_prev
                0x0000000000416800       0x74 nuttx.rel
                0x0000000000416800                lv_disp_get_scr_prev
 *fill*         0x0000000000416874        0xc 
 .text.lv_disp_get_layer_top
                0x0000000000416880       0x74 nuttx.rel
                0x0000000000416880                lv_disp_get_layer_top
 *fill*         0x00000000004168f4        0xc 
 .text.lv_disp_get_layer_sys
                0x0000000000416900       0x74 nuttx.rel
                0x0000000000416900                lv_disp_get_layer_sys
 *fill*         0x0000000000416974        0xc 
 .text.lv_disp_get_theme
                0x0000000000416980       0x47 nuttx.rel
                0x0000000000416980                lv_disp_get_theme
 *fill*         0x00000000004169c7        0x9 
 .text.lv_disp_is_invalidation_enabled
                0x00000000004169d0       0x7c nuttx.rel
                0x00000000004169d0                lv_disp_is_invalidation_enabled
 *fill*         0x0000000000416a4c        0x4 
 .text.lv_draw_label_dsc_init
                0x0000000000416a50       0x70 nuttx.rel
                0x0000000000416a50                lv_draw_label_dsc_init
 .text.lv_draw_label
                0x0000000000416ac0      0xbb0 nuttx.rel
                0x0000000000416ac0                lv_draw_label
 .text.lv_draw_line_dsc_init
                0x0000000000417670       0x4e nuttx.rel
                0x0000000000417670                lv_draw_line_dsc_init
 *fill*         0x00000000004176be        0x2 
 .text.lv_draw_line
                0x00000000004176c0       0x5a nuttx.rel
                0x00000000004176c0                lv_draw_line
 *fill*         0x000000000041771a        0x6 
 .text.lv_draw_rect_dsc_init
                0x0000000000417720       0x85 nuttx.rel
                0x0000000000417720                lv_draw_rect_dsc_init
 *fill*         0x00000000004177a5        0xb 
 .text.lv_draw_rect
                0x00000000004177b0       0x6a nuttx.rel
                0x00000000004177b0                lv_draw_rect
 *fill*         0x000000000041781a        0x6 
 .text.lv_obj_event_base
                0x0000000000417820       0x8e nuttx.rel
                0x0000000000417820                lv_obj_event_base
 *fill*         0x00000000004178ae        0x2 
 .text.event_send_core
                0x00000000004178b0      0x248 nuttx.rel
 *fill*         0x0000000000417af8        0x8 
 .text.lv_event_send
                0x0000000000417b00       0x8b nuttx.rel
                0x0000000000417b00                lv_event_send
 *fill*         0x0000000000417b8b        0x5 
 .text.lv_event_get_target
                0x0000000000417b90       0x2f nuttx.rel
                0x0000000000417b90                lv_event_get_target
 *fill*         0x0000000000417bbf        0x1 
 .text.lv_event_get_current_target
                0x0000000000417bc0       0x30 nuttx.rel
                0x0000000000417bc0                lv_event_get_current_target
 .text.lv_event_get_code
                0x0000000000417bf0       0x31 nuttx.rel
                0x0000000000417bf0                lv_event_get_code
 *fill*         0x0000000000417c21        0xf 
 .text.lv_event_get_param
                0x0000000000417c30       0x30 nuttx.rel
                0x0000000000417c30                lv_event_get_param
 .text.lv_event_get_user_data
                0x0000000000417c60       0x30 nuttx.rel
                0x0000000000417c60                lv_event_get_user_data
 .text._lv_event_mark_deleted
                0x0000000000417c90       0x5b nuttx.rel
                0x0000000000417c90                _lv_event_mark_deleted
 *fill*         0x0000000000417ceb        0x5 
 .text.lv_obj_add_event_cb
                0x0000000000417cf0      0x13a nuttx.rel
                0x0000000000417cf0                lv_obj_add_event_cb
 *fill*         0x0000000000417e2a        0x6 
 .text.lv_event_get_indev
                0x0000000000417e30       0x6f nuttx.rel
                0x0000000000417e30                lv_event_get_indev
 *fill*         0x0000000000417e9f        0x1 
 .text.lv_event_get_draw_ctx
                0x0000000000417ea0       0x6f nuttx.rel
                0x0000000000417ea0                lv_event_get_draw_ctx
 *fill*         0x0000000000417f0f        0x1 
 .text.lv_event_get_key
                0x0000000000417f10       0x6f nuttx.rel
                0x0000000000417f10                lv_event_get_key
 *fill*         0x0000000000417f7f        0x1 
 .text.lv_event_set_ext_draw_size
                0x0000000000417f80       0x7f nuttx.rel
                0x0000000000417f80                lv_event_set_ext_draw_size
 *fill*         0x0000000000417fff        0x1 
 .text.lv_font_get_glyph_bitmap
                0x0000000000418000       0x81 nuttx.rel
                0x0000000000418000                lv_font_get_glyph_bitmap
 *fill*         0x0000000000418081        0xf 
 .text.lv_font_get_glyph_dsc
                0x0000000000418090      0x1bf nuttx.rel
                0x0000000000418090                lv_font_get_glyph_dsc
 *fill*         0x000000000041824f        0x1 
 .text.lv_font_get_glyph_width
                0x0000000000418250       0x8d nuttx.rel
                0x0000000000418250                lv_font_get_glyph_width
 *fill*         0x00000000004182dd        0x3 
 .text.get_indev
                0x00000000004182e0       0xdb nuttx.rel
 *fill*         0x00000000004183bb        0x5 
 .text.focus_next_core
                0x00000000004183c0      0x1b5 nuttx.rel
 *fill*         0x0000000000418575        0xb 
 .text.lv_group_refocus
                0x0000000000418580       0xc3 nuttx.rel
 *fill*         0x0000000000418643        0xd 
 .text._lv_group_init
                0x0000000000418650       0x3e nuttx.rel
                0x0000000000418650                _lv_group_init
 *fill*         0x000000000041868e        0x2 
 .text.lv_group_create
                0x0000000000418690       0xc2 nuttx.rel
                0x0000000000418690                lv_group_create
 *fill*         0x0000000000418752        0xe 
 .text.lv_group_get_default
                0x0000000000418760       0x33 nuttx.rel
                0x0000000000418760                lv_group_get_default
 *fill*         0x0000000000418793        0xd 
 .text.lv_group_remove_obj
                0x00000000004187a0      0x118 nuttx.rel
                0x00000000004187a0                lv_group_remove_obj
 *fill*         0x00000000004188b8        0x8 
 .text.lv_group_add_obj
                0x00000000004188c0      0x146 nuttx.rel
                0x00000000004188c0                lv_group_add_obj
 *fill*         0x0000000000418a06        0xa 
 .text.lv_group_focus_next
                0x0000000000418a10       0x7b nuttx.rel
                0x0000000000418a10                lv_group_focus_next
 *fill*         0x0000000000418a8b        0x5 
 .text.lv_group_focus_prev
                0x0000000000418a90       0x73 nuttx.rel
                0x0000000000418a90                lv_group_focus_prev
 *fill*         0x0000000000418b03        0xd 
 .text.lv_group_send_data
                0x0000000000418b10       0x7a nuttx.rel
                0x0000000000418b10                lv_group_send_data
 *fill*         0x0000000000418b8a        0x6 
 .text.lv_group_set_editing
                0x0000000000418b90       0xb3 nuttx.rel
                0x0000000000418b90                lv_group_set_editing
 *fill*         0x0000000000418c43        0xd 
 .text.lv_group_focus_obj.part.0
                0x0000000000418c50      0x12d nuttx.rel
 *fill*         0x0000000000418d7d        0x3 
 .text.lv_group_focus_obj
                0x0000000000418d80       0x52 nuttx.rel
                0x0000000000418d80                lv_group_focus_obj
 *fill*         0x0000000000418dd2        0xe 
 .text.lv_group_get_focused
                0x0000000000418de0       0x49 nuttx.rel
                0x0000000000418de0                lv_group_get_focused
 *fill*         0x0000000000418e29        0x7 
 .text.lv_group_get_editing
                0x0000000000418e30       0x49 nuttx.rel
                0x0000000000418e30                lv_group_get_editing
 *fill*         0x0000000000418e79        0x7 
 .text.lv_group_get_obj_count
                0x0000000000418e80       0x32 nuttx.rel
                0x0000000000418e80                lv_group_get_obj_count
 *fill*         0x0000000000418eb2        0xe 
 .text.lv_disp_drv_init
                0x0000000000418ec0       0x7e nuttx.rel
                0x0000000000418ec0                lv_disp_drv_init
 *fill*         0x0000000000418f3e        0x2 
 .text.lv_disp_draw_buf_init
                0x0000000000418f40       0x5d nuttx.rel
                0x0000000000418f40                lv_disp_draw_buf_init
 *fill*         0x0000000000418f9d        0x3 
 .text.lv_disp_drv_register
                0x0000000000418fa0      0x2f1 nuttx.rel
                0x0000000000418fa0                lv_disp_drv_register
 *fill*         0x0000000000419291        0xf 
 .text.lv_disp_get_default
                0x00000000004192a0       0x33 nuttx.rel
                0x00000000004192a0                lv_disp_get_default
 *fill*         0x00000000004192d3        0xd 
 .text.lv_disp_get_hor_res
                0x00000000004192e0       0x65 nuttx.rel
                0x00000000004192e0                lv_disp_get_hor_res
 *fill*         0x0000000000419345        0xb 
 .text.lv_disp_get_ver_res
                0x0000000000419350       0x5d nuttx.rel
                0x0000000000419350                lv_disp_get_ver_res
 *fill*         0x00000000004193ad        0x3 
 .text.lv_disp_get_dpi
                0x00000000004193b0       0x58 nuttx.rel
                0x00000000004193b0                lv_disp_get_dpi
 *fill*         0x0000000000419408        0x8 
 .text.lv_disp_flush_ready
                0x0000000000419410       0x42 nuttx.rel
                0x0000000000419410                lv_disp_flush_ready
 *fill*         0x0000000000419452        0xe 
 .text.lv_disp_get_next
                0x0000000000419460       0x65 nuttx.rel
                0x0000000000419460                lv_disp_get_next
 *fill*         0x00000000004194c5        0xb 
 .text.lv_disp_get_draw_buf
                0x00000000004194d0       0x33 nuttx.rel
                0x00000000004194d0                lv_disp_get_draw_buf
 *fill*         0x0000000000419503        0xd 
 .text.lv_indev_drv_init
                0x0000000000419510       0x4f nuttx.rel
                0x0000000000419510                lv_indev_drv_init
 *fill*         0x000000000041955f        0x1 
 .text.lv_indev_drv_register
                0x0000000000419560      0x107 nuttx.rel
                0x0000000000419560                lv_indev_drv_register
 *fill*         0x0000000000419667        0x9 
 .text.lv_indev_get_next
                0x0000000000419670       0x65 nuttx.rel
                0x0000000000419670                lv_indev_get_next
 *fill*         0x00000000004196d5        0xb 
 .text._lv_indev_read
                0x00000000004196e0       0xea nuttx.rel
                0x00000000004196e0                _lv_indev_read
 *fill*         0x00000000004197ca        0x6 
 .text.lv_tick_get
                0x00000000004197d0       0x32 nuttx.rel
                0x00000000004197d0                lv_tick_get
 *fill*         0x0000000000419802        0xe 
 .text.lv_tick_elaps
                0x0000000000419810       0x37 nuttx.rel
                0x0000000000419810                lv_tick_elaps
 *fill*         0x0000000000419847        0x9 
 .text._lv_img_buf_get_transformed_area
                0x0000000000419850      0x189 nuttx.rel
                0x0000000000419850                _lv_img_buf_get_transformed_area
 *fill*         0x00000000004199d9        0x7 
 .text.indev_proc_release
                0x00000000004199e0      0x14f nuttx.rel
 *fill*         0x0000000000419b2f        0x1 
 .text.lv_indev_get_act
                0x0000000000419b30       0x33 nuttx.rel
                0x0000000000419b30                lv_indev_get_act
 *fill*         0x0000000000419b63        0xd 
 .text.lv_indev_get_type
                0x0000000000419b70       0x41 nuttx.rel
                0x0000000000419b70                lv_indev_get_type
 *fill*         0x0000000000419bb1        0xf 
 .text.lv_indev_reset
                0x0000000000419bc0      0x17a nuttx.rel
                0x0000000000419bc0                lv_indev_reset
 *fill*         0x0000000000419d3a        0x6 
 .text.lv_indev_reset_long_press
                0x0000000000419d40       0x45 nuttx.rel
                0x0000000000419d40                lv_indev_reset_long_press
 *fill*         0x0000000000419d85        0xb 
 .text.lv_indev_set_group
                0x0000000000419d90       0x3d nuttx.rel
                0x0000000000419d90                lv_indev_set_group
 *fill*         0x0000000000419dcd        0x3 
 .text.lv_indev_get_point
                0x0000000000419dd0       0x6c nuttx.rel
                0x0000000000419dd0                lv_indev_get_point
 *fill*         0x0000000000419e3c        0x4 
 .text.lv_indev_get_scroll_dir
                0x0000000000419e40       0x51 nuttx.rel
                0x0000000000419e40                lv_indev_get_scroll_dir
 *fill*         0x0000000000419e91        0xf 
 .text.lv_indev_get_scroll_obj
                0x0000000000419ea0       0x49 nuttx.rel
                0x0000000000419ea0                lv_indev_get_scroll_obj
 *fill*         0x0000000000419ee9        0x7 
 .text.lv_indev_get_vect
                0x0000000000419ef0       0x5e nuttx.rel
                0x0000000000419ef0                lv_indev_get_vect
 *fill*         0x0000000000419f4e        0x2 
 .text.lv_indev_wait_release
                0x0000000000419f50       0x37 nuttx.rel
                0x0000000000419f50                lv_indev_wait_release
 *fill*         0x0000000000419f87        0x9 
 .text.lv_indev_get_obj_act
                0x0000000000419f90       0x33 nuttx.rel
                0x0000000000419f90                lv_indev_get_obj_act
 *fill*         0x0000000000419fc3        0xd 
 .text.lv_indev_search_obj
                0x0000000000419fd0       0xf9 nuttx.rel
                0x0000000000419fd0                lv_indev_search_obj
 *fill*         0x000000000041a0c9        0x7 
 .text.indev_proc_press
                0x000000000041a0d0      0x676 nuttx.rel
 *fill*         0x000000000041a746        0xa 
 .text.lv_indev_read_timer_cb
                0x000000000041a750      0xf47 nuttx.rel
                0x000000000041a750                lv_indev_read_timer_cb
 *fill*         0x000000000041b697        0x9 
 .text.find_snap_point_y
                0x000000000041b6a0      0x1c7 nuttx.rel
 *fill*         0x000000000041b867        0x9 
 .text.find_snap_point_x
                0x000000000041b870      0x1c7 nuttx.rel
 *fill*         0x000000000041ba37        0x9 
 .text.elastic_diff.part.0
                0x000000000041ba40      0x278 nuttx.rel
 *fill*         0x000000000041bcb8        0x8 
 .text._lv_indev_scroll_handler
                0x000000000041bcc0      0x8d0 nuttx.rel
                0x000000000041bcc0                _lv_indev_scroll_handler
 *fill*         0x000000000041c590       0x30 
 .text._lv_indev_scroll_throw_handler
                0x000000000041c5c0      0x5d5 nuttx.rel
                0x000000000041c5c0                _lv_indev_scroll_throw_handler
 *fill*         0x000000000041cb95        0xb 
 .text.lv_indev_scroll_throw_predict
                0x000000000041cba0       0x99 nuttx.rel
                0x000000000041cba0                lv_indev_scroll_throw_predict
 *fill*         0x000000000041cc39        0x7 
 .text.set_ofs_y_anim
                0x000000000041cc40       0x36 nuttx.rel
 *fill*         0x000000000041cc76        0xa 
 .text.set_ofs_x_anim
                0x000000000041cc80       0x36 nuttx.rel
 *fill*         0x000000000041ccb6        0xa 
 .text.lv_label_revert_dots
                0x000000000041ccc0       0xfe nuttx.rel
 *fill*         0x000000000041cdbe        0x2 
 .text.lv_label_destructor
                0x000000000041cdc0       0x8a nuttx.rel
 *fill*         0x000000000041ce4a        0x6 
 .text.lv_label_create
                0x000000000041ce50       0x4d nuttx.rel
                0x000000000041ce50                lv_label_create
 *fill*         0x000000000041ce9d        0x3 
 .text.lv_label_set_text_sel_start
                0x000000000041cea0       0x35 nuttx.rel
                0x000000000041cea0                lv_label_set_text_sel_start
 *fill*         0x000000000041ced5        0xb 
 .text.lv_label_set_text_sel_end
                0x000000000041cee0       0x35 nuttx.rel
                0x000000000041cee0                lv_label_set_text_sel_end
 *fill*         0x000000000041cf15        0xb 
 .text.lv_label_get_text
                0x000000000041cf20       0x30 nuttx.rel
                0x000000000041cf20                lv_label_get_text
 .text.lv_label_get_letter_pos
                0x000000000041cf50      0x387 nuttx.rel